[2026-06-02T08:04:35.096+0000] {local_task_job_runner.py:120} INFO - ::group::Pre task execution logs
[2026-06-02T08:04:35.143+0000] {taskinstance.py:2073} INFO - Dependencies all met for dep_context=non-requeueable deps ti=<TaskInstance: etl_service_orders.load_orders_summary scheduled__2026-06-01T06:00:00+00:00 [queued]>
[2026-06-02T08:04:35.160+0000] {taskinstance.py:2073} INFO - Dependencies all met for dep_context=requeueable deps ti=<TaskInstance: etl_service_orders.load_orders_summary scheduled__2026-06-01T06:00:00+00:00 [queued]>
[2026-06-02T08:04:35.162+0000] {taskinstance.py:2303} INFO - Starting attempt 1 of 2
[2026-06-02T08:04:35.182+0000] {taskinstance.py:2327} INFO - Executing <Task(PythonOperator): load_orders_summary> on 2026-06-01 06:00:00+00:00
[2026-06-02T08:04:35.197+0000] {warnings.py:110} WARNING - /home/***/.local/lib/python3.12/site-packages/***/task/task_runner/standard_task_runner.py:61: DeprecationWarning: This process (pid=3634) is multi-threaded, use of fork() may lead to deadlocks in the child.
  pid = os.fork()

[2026-06-02T08:04:35.201+0000] {standard_task_runner.py:63} INFO - Started process 3638 to run task
[2026-06-02T08:04:35.198+0000] {standard_task_runner.py:90} INFO - Running: ['***', 'tasks', 'run', 'etl_service_orders', 'load_orders_summary', 'scheduled__2026-06-01T06:00:00+00:00', '--job-id', '42', '--raw', '--subdir', 'DAGS_FOLDER/dag_etl_service_orders.py', '--cfg-path', '/tmp/tmpaaoctd2v']
[2026-06-02T08:04:35.205+0000] {standard_task_runner.py:91} INFO - Job 42: Subtask load_orders_summary
[2026-06-02T08:04:35.281+0000] {task_command.py:426} INFO - Running <TaskInstance: etl_service_orders.load_orders_summary scheduled__2026-06-01T06:00:00+00:00 [running]> on host aaefc8d178d5
[2026-06-02T08:04:35.463+0000] {taskinstance.py:2644} INFO - Exporting env vars: AIRFLOW_CTX_DAG_OWNER='svc_orders' AIRFLOW_CTX_DAG_ID='etl_service_orders' AIRFLOW_CTX_TASK_ID='load_orders_summary' AIRFLOW_CTX_EXECUTION_DATE='2026-06-01T06:00:00+00:00' AIRFLOW_CTX_TRY_NUMBER='1' AIRFLOW_CTX_DAG_RUN_ID='scheduled__2026-06-01T06:00:00+00:00'
[2026-06-02T08:04:35.466+0000] {taskinstance.py:430} INFO - ::endgroup::
[2026-06-02T08:04:35.524+0000] {dag_etl_service_orders.py:69} INFO - Loading DWH_ORDERS_SUMMARY...
[2026-06-02T08:04:35.665+0000] {dag_etl_service_orders.py:103} INFO - DWH_ORDERS_SUMMARY loaded: 10 rows
[2026-06-02T08:04:35.669+0000] {python.py:237} INFO - Done. Returned value was: None
[2026-06-02T08:04:35.671+0000] {taskinstance.py:441} INFO - ::group::Post task execution logs
[2026-06-02T08:04:35.686+0000] {taskinstance.py:1205} INFO - Marking task as SUCCESS. dag_id=etl_service_orders, task_id=load_orders_summary, execution_date=20260601T060000, start_date=20260602T080435, end_date=20260602T080435
[2026-06-02T08:04:35.741+0000] {local_task_job_runner.py:240} INFO - Task exited with return code 0
[2026-06-02T08:04:35.766+0000] {taskinstance.py:3482} INFO - 0 downstream tasks scheduled from follow-on schedule check
[2026-06-02T08:04:35.768+0000] {local_task_job_runner.py:222} INFO - ::endgroup::
[2026-06-02T10:05:24.575+0000] {local_task_job_runner.py:120} INFO - ::group::Pre task execution logs
[2026-06-02T10:05:24.608+0000] {taskinstance.py:2073} INFO - Dependencies all met for dep_context=non-requeueable deps ti=<TaskInstance: etl_service_orders.load_orders_summary scheduled__2026-06-01T06:00:00+00:00 [queued]>
[2026-06-02T10:05:24.622+0000] {taskinstance.py:2073} INFO - Dependencies all met for dep_context=requeueable deps ti=<TaskInstance: etl_service_orders.load_orders_summary scheduled__2026-06-01T06:00:00+00:00 [queued]>
[2026-06-02T10:05:24.623+0000] {taskinstance.py:2303} INFO - Starting attempt 1 of 2
[2026-06-02T10:05:24.643+0000] {taskinstance.py:2327} INFO - Executing <Task(PythonOperator): load_orders_summary> on 2026-06-01 06:00:00+00:00
[2026-06-02T10:05:24.666+0000] {warnings.py:110} WARNING - /home/***/.local/lib/python3.12/site-packages/***/task/task_runner/standard_task_runner.py:61: DeprecationWarning: This process (pid=181) is multi-threaded, use of fork() may lead to deadlocks in the child.
  pid = os.fork()

[2026-06-02T10:05:24.672+0000] {standard_task_runner.py:63} INFO - Started process 198 to run task
[2026-06-02T10:05:24.669+0000] {standard_task_runner.py:90} INFO - Running: ['***', 'tasks', 'run', 'etl_service_orders', 'load_orders_summary', 'scheduled__2026-06-01T06:00:00+00:00', '--job-id', '5', '--raw', '--subdir', 'DAGS_FOLDER/dag_etl_service_orders.py', '--cfg-path', '/tmp/tmpzqsor6fv']
[2026-06-02T10:05:24.675+0000] {standard_task_runner.py:91} INFO - Job 5: Subtask load_orders_summary
[2026-06-02T10:05:24.843+0000] {task_command.py:426} INFO - Running <TaskInstance: etl_service_orders.load_orders_summary scheduled__2026-06-01T06:00:00+00:00 [running]> on host 7284cdb9ebc5
[2026-06-02T10:05:24.999+0000] {taskinstance.py:2644} INFO - Exporting env vars: AIRFLOW_CTX_DAG_OWNER='svc_orders' AIRFLOW_CTX_DAG_ID='etl_service_orders' AIRFLOW_CTX_TASK_ID='load_orders_summary' AIRFLOW_CTX_EXECUTION_DATE='2026-06-01T06:00:00+00:00' AIRFLOW_CTX_TRY_NUMBER='1' AIRFLOW_CTX_DAG_RUN_ID='scheduled__2026-06-01T06:00:00+00:00'
[2026-06-02T10:05:25.009+0000] {taskinstance.py:430} INFO - ::endgroup::
[2026-06-02T10:05:25.083+0000] {dag_etl_service_orders.py:69} INFO - Loading DWH_ORDERS_SUMMARY...
[2026-06-02T10:05:25.264+0000] {dag_etl_service_orders.py:103} INFO - DWH_ORDERS_SUMMARY loaded: 10 rows
[2026-06-02T10:05:25.268+0000] {python.py:237} INFO - Done. Returned value was: None
[2026-06-02T10:05:25.271+0000] {taskinstance.py:441} INFO - ::group::Post task execution logs
[2026-06-02T10:05:25.288+0000] {taskinstance.py:1205} INFO - Marking task as SUCCESS. dag_id=etl_service_orders, task_id=load_orders_summary, execution_date=20260601T060000, start_date=20260602T100524, end_date=20260602T100525
[2026-06-02T10:05:25.330+0000] {local_task_job_runner.py:240} INFO - Task exited with return code 0
[2026-06-02T10:05:25.368+0000] {taskinstance.py:3482} INFO - 0 downstream tasks scheduled from follow-on schedule check
[2026-06-02T10:05:25.371+0000] {local_task_job_runner.py:222} INFO - ::endgroup::
