[2026-05-31T11:53:08.442+0000] {processor.py:161} INFO - Started process (PID=1843) to work on /opt/airflow/dags/dag_etl_service_orders.py
[2026-05-31T11:53:08.443+0000] {processor.py:830} INFO - Processing file /opt/airflow/dags/dag_etl_service_orders.py for tasks to queue
[2026-05-31T11:53:08.445+0000] {logging_mixin.py:188} INFO - [2026-05-31T11:53:08.445+0000] {dagbag.py:540} INFO - Filling up the DagBag from /opt/airflow/dags/dag_etl_service_orders.py
[2026-05-31T11:53:08.464+0000] {logging_mixin.py:188} INFO - [2026-05-31T11:53:08.461+0000] {dagbag.py:350} ERROR - Failed to import: /opt/airflow/dags/dag_etl_service_orders.py
Traceback (most recent call last):
  File "/home/airflow/.local/lib/python3.12/site-packages/airflow/models/dagbag.py", line 346, in parse
    loader.exec_module(new_module)
  File "<frozen importlib._bootstrap_external>", line 995, in exec_module
  File "<frozen importlib._bootstrap>", line 488, in _call_with_frames_removed
  File "/opt/airflow/dags/dag_etl_service_orders.py", line 12, in <module>
    import cx_Oracle
ModuleNotFoundError: No module named 'cx_Oracle'
[2026-05-31T11:53:08.466+0000] {processor.py:842} WARNING - No viable dags retrieved from /opt/airflow/dags/dag_etl_service_orders.py
[2026-05-31T11:53:08.483+0000] {processor.py:183} INFO - Processing /opt/airflow/dags/dag_etl_service_orders.py took 0.045 seconds
[2026-05-31T11:53:39.121+0000] {processor.py:161} INFO - Started process (PID=1902) to work on /opt/airflow/dags/dag_etl_service_orders.py
[2026-05-31T11:53:39.123+0000] {processor.py:830} INFO - Processing file /opt/airflow/dags/dag_etl_service_orders.py for tasks to queue
[2026-05-31T11:53:39.125+0000] {logging_mixin.py:188} INFO - [2026-05-31T11:53:39.124+0000] {dagbag.py:540} INFO - Filling up the DagBag from /opt/airflow/dags/dag_etl_service_orders.py
[2026-05-31T11:53:39.145+0000] {logging_mixin.py:188} INFO - [2026-05-31T11:53:39.141+0000] {dagbag.py:350} ERROR - Failed to import: /opt/airflow/dags/dag_etl_service_orders.py
Traceback (most recent call last):
  File "/home/airflow/.local/lib/python3.12/site-packages/airflow/models/dagbag.py", line 346, in parse
    loader.exec_module(new_module)
  File "<frozen importlib._bootstrap_external>", line 995, in exec_module
  File "<frozen importlib._bootstrap>", line 488, in _call_with_frames_removed
  File "/opt/airflow/dags/dag_etl_service_orders.py", line 12, in <module>
    import cx_Oracle
ModuleNotFoundError: No module named 'cx_Oracle'
[2026-05-31T11:53:39.147+0000] {processor.py:842} WARNING - No viable dags retrieved from /opt/airflow/dags/dag_etl_service_orders.py
[2026-05-31T11:53:39.175+0000] {processor.py:183} INFO - Processing /opt/airflow/dags/dag_etl_service_orders.py took 0.059 seconds
[2026-05-31T13:14:50.923+0000] {processor.py:161} INFO - Started process (PID=81) to work on /opt/airflow/dags/dag_etl_service_orders.py
[2026-05-31T13:14:50.925+0000] {processor.py:830} INFO - Processing file /opt/airflow/dags/dag_etl_service_orders.py for tasks to queue
[2026-05-31T13:14:50.928+0000] {logging_mixin.py:188} INFO - [2026-05-31T13:14:50.928+0000] {dagbag.py:540} INFO - Filling up the DagBag from /opt/airflow/dags/dag_etl_service_orders.py
[2026-05-31T13:14:50.949+0000] {logging_mixin.py:188} INFO - [2026-05-31T13:14:50.944+0000] {dagbag.py:350} ERROR - Failed to import: /opt/airflow/dags/dag_etl_service_orders.py
Traceback (most recent call last):
  File "/home/airflow/.local/lib/python3.12/site-packages/airflow/models/dagbag.py", line 346, in parse
    loader.exec_module(new_module)
  File "<frozen importlib._bootstrap_external>", line 995, in exec_module
  File "<frozen importlib._bootstrap>", line 488, in _call_with_frames_removed
  File "/opt/airflow/dags/dag_etl_service_orders.py", line 12, in <module>
    import cx_Oracle
ModuleNotFoundError: No module named 'cx_Oracle'
[2026-05-31T13:14:50.950+0000] {processor.py:842} WARNING - No viable dags retrieved from /opt/airflow/dags/dag_etl_service_orders.py
[2026-05-31T13:14:50.977+0000] {processor.py:183} INFO - Processing /opt/airflow/dags/dag_etl_service_orders.py took 0.062 seconds
[2026-05-31T13:15:21.316+0000] {processor.py:161} INFO - Started process (PID=140) to work on /opt/airflow/dags/dag_etl_service_orders.py
[2026-05-31T13:15:21.319+0000] {processor.py:830} INFO - Processing file /opt/airflow/dags/dag_etl_service_orders.py for tasks to queue
[2026-05-31T13:15:21.325+0000] {logging_mixin.py:188} INFO - [2026-05-31T13:15:21.325+0000] {dagbag.py:540} INFO - Filling up the DagBag from /opt/airflow/dags/dag_etl_service_orders.py
[2026-05-31T13:15:21.347+0000] {logging_mixin.py:188} INFO - [2026-05-31T13:15:21.343+0000] {dagbag.py:350} ERROR - Failed to import: /opt/airflow/dags/dag_etl_service_orders.py
Traceback (most recent call last):
  File "/home/airflow/.local/lib/python3.12/site-packages/airflow/models/dagbag.py", line 346, in parse
    loader.exec_module(new_module)
  File "<frozen importlib._bootstrap_external>", line 995, in exec_module
  File "<frozen importlib._bootstrap>", line 488, in _call_with_frames_removed
  File "/opt/airflow/dags/dag_etl_service_orders.py", line 12, in <module>
    import cx_Oracle
ModuleNotFoundError: No module named 'cx_Oracle'
[2026-05-31T13:15:21.348+0000] {processor.py:842} WARNING - No viable dags retrieved from /opt/airflow/dags/dag_etl_service_orders.py
[2026-05-31T13:15:21.408+0000] {processor.py:183} INFO - Processing /opt/airflow/dags/dag_etl_service_orders.py took 0.124 seconds
[2026-05-31T13:15:51.911+0000] {processor.py:161} INFO - Started process (PID=221) to work on /opt/airflow/dags/dag_etl_service_orders.py
[2026-05-31T13:15:51.912+0000] {processor.py:830} INFO - Processing file /opt/airflow/dags/dag_etl_service_orders.py for tasks to queue
[2026-05-31T13:15:51.914+0000] {logging_mixin.py:188} INFO - [2026-05-31T13:15:51.914+0000] {dagbag.py:540} INFO - Filling up the DagBag from /opt/airflow/dags/dag_etl_service_orders.py
[2026-05-31T13:15:51.933+0000] {logging_mixin.py:188} INFO - [2026-05-31T13:15:51.928+0000] {dagbag.py:350} ERROR - Failed to import: /opt/airflow/dags/dag_etl_service_orders.py
Traceback (most recent call last):
  File "/home/airflow/.local/lib/python3.12/site-packages/airflow/models/dagbag.py", line 346, in parse
    loader.exec_module(new_module)
  File "<frozen importlib._bootstrap_external>", line 995, in exec_module
  File "<frozen importlib._bootstrap>", line 488, in _call_with_frames_removed
  File "/opt/airflow/dags/dag_etl_service_orders.py", line 12, in <module>
    import cx_Oracle
ModuleNotFoundError: No module named 'cx_Oracle'
[2026-05-31T13:15:51.934+0000] {processor.py:842} WARNING - No viable dags retrieved from /opt/airflow/dags/dag_etl_service_orders.py
[2026-05-31T13:15:51.953+0000] {processor.py:183} INFO - Processing /opt/airflow/dags/dag_etl_service_orders.py took 0.058 seconds
[2026-05-31T13:16:22.580+0000] {processor.py:161} INFO - Started process (PID=280) to work on /opt/airflow/dags/dag_etl_service_orders.py
[2026-05-31T13:16:22.581+0000] {processor.py:830} INFO - Processing file /opt/airflow/dags/dag_etl_service_orders.py for tasks to queue
[2026-05-31T13:16:22.582+0000] {logging_mixin.py:188} INFO - [2026-05-31T13:16:22.582+0000] {dagbag.py:540} INFO - Filling up the DagBag from /opt/airflow/dags/dag_etl_service_orders.py
[2026-05-31T13:16:22.594+0000] {logging_mixin.py:188} INFO - [2026-05-31T13:16:22.591+0000] {dagbag.py:350} ERROR - Failed to import: /opt/airflow/dags/dag_etl_service_orders.py
Traceback (most recent call last):
  File "/home/airflow/.local/lib/python3.12/site-packages/airflow/models/dagbag.py", line 346, in parse
    loader.exec_module(new_module)
  File "<frozen importlib._bootstrap_external>", line 995, in exec_module
  File "<frozen importlib._bootstrap>", line 488, in _call_with_frames_removed
  File "/opt/airflow/dags/dag_etl_service_orders.py", line 12, in <module>
    import cx_Oracle
ModuleNotFoundError: No module named 'cx_Oracle'
[2026-05-31T13:16:22.594+0000] {processor.py:842} WARNING - No viable dags retrieved from /opt/airflow/dags/dag_etl_service_orders.py
[2026-05-31T13:16:22.609+0000] {processor.py:183} INFO - Processing /opt/airflow/dags/dag_etl_service_orders.py took 0.034 seconds
[2026-05-31T13:16:42.598+0000] {processor.py:161} INFO - Started process (PID=339) to work on /opt/airflow/dags/dag_etl_service_orders.py
[2026-05-31T13:16:42.599+0000] {processor.py:830} INFO - Processing file /opt/airflow/dags/dag_etl_service_orders.py for tasks to queue
[2026-05-31T13:16:42.601+0000] {logging_mixin.py:188} INFO - [2026-05-31T13:16:42.601+0000] {dagbag.py:540} INFO - Filling up the DagBag from /opt/airflow/dags/dag_etl_service_orders.py
[2026-05-31T13:16:42.657+0000] {processor.py:840} INFO - DAG(s) 'etl_service_orders' retrieved from /opt/airflow/dags/dag_etl_service_orders.py
[2026-05-31T13:16:42.735+0000] {logging_mixin.py:188} INFO - [2026-05-31T13:16:42.735+0000] {override.py:1829} INFO - Created Permission View: can read on DAG:etl_service_orders
[2026-05-31T13:16:42.744+0000] {logging_mixin.py:188} INFO - [2026-05-31T13:16:42.744+0000] {override.py:1829} INFO - Created Permission View: can edit on DAG:etl_service_orders
[2026-05-31T13:16:42.749+0000] {logging_mixin.py:188} INFO - [2026-05-31T13:16:42.749+0000] {override.py:1829} INFO - Created Permission View: can delete on DAG:etl_service_orders
[2026-05-31T13:16:42.750+0000] {logging_mixin.py:188} INFO - [2026-05-31T13:16:42.750+0000] {dag.py:3096} INFO - Sync 1 DAGs
[2026-05-31T13:16:42.873+0000] {logging_mixin.py:188} INFO - [2026-05-31T13:16:42.872+0000] {dag.py:3118} INFO - Creating ORM DAG for etl_service_orders
[2026-05-31T13:16:42.881+0000] {logging_mixin.py:188} INFO - [2026-05-31T13:16:42.881+0000] {dag.py:3954} INFO - Setting next_dagrun for etl_service_orders to 2026-05-30 06:00:00+00:00, run_after=2026-05-31 06:00:00+00:00
[2026-05-31T13:16:42.907+0000] {processor.py:183} INFO - Processing /opt/airflow/dags/dag_etl_service_orders.py took 0.313 seconds
[2026-05-31T13:17:13.012+0000] {processor.py:161} INFO - Started process (PID=419) to work on /opt/airflow/dags/dag_etl_service_orders.py
[2026-05-31T13:17:13.014+0000] {processor.py:830} INFO - Processing file /opt/airflow/dags/dag_etl_service_orders.py for tasks to queue
[2026-05-31T13:17:13.016+0000] {logging_mixin.py:188} INFO - [2026-05-31T13:17:13.015+0000] {dagbag.py:540} INFO - Filling up the DagBag from /opt/airflow/dags/dag_etl_service_orders.py
[2026-05-31T13:17:13.083+0000] {processor.py:840} INFO - DAG(s) 'etl_service_orders' retrieved from /opt/airflow/dags/dag_etl_service_orders.py
[2026-05-31T13:17:13.102+0000] {logging_mixin.py:188} INFO - [2026-05-31T13:17:13.102+0000] {dag.py:3096} INFO - Sync 1 DAGs
[2026-05-31T13:17:13.128+0000] {logging_mixin.py:188} INFO - [2026-05-31T13:17:13.128+0000] {dag.py:3954} INFO - Setting next_dagrun for etl_service_orders to 2026-05-30 06:00:00+00:00, run_after=2026-05-31 06:00:00+00:00
[2026-05-31T13:17:13.145+0000] {processor.py:183} INFO - Processing /opt/airflow/dags/dag_etl_service_orders.py took 0.138 seconds
[2026-05-31T13:17:43.443+0000] {processor.py:161} INFO - Started process (PID=479) to work on /opt/airflow/dags/dag_etl_service_orders.py
[2026-05-31T13:17:43.445+0000] {processor.py:830} INFO - Processing file /opt/airflow/dags/dag_etl_service_orders.py for tasks to queue
[2026-05-31T13:17:43.447+0000] {logging_mixin.py:188} INFO - [2026-05-31T13:17:43.447+0000] {dagbag.py:540} INFO - Filling up the DagBag from /opt/airflow/dags/dag_etl_service_orders.py
[2026-05-31T13:17:43.559+0000] {processor.py:840} INFO - DAG(s) 'etl_service_orders' retrieved from /opt/airflow/dags/dag_etl_service_orders.py
[2026-05-31T13:17:43.600+0000] {logging_mixin.py:188} INFO - [2026-05-31T13:17:43.599+0000] {dag.py:3096} INFO - Sync 1 DAGs
[2026-05-31T13:17:43.650+0000] {logging_mixin.py:188} INFO - [2026-05-31T13:17:43.650+0000] {dag.py:3954} INFO - Setting next_dagrun for etl_service_orders to 2026-05-30 06:00:00+00:00, run_after=2026-05-31 06:00:00+00:00
[2026-05-31T13:17:44.207+0000] {processor.py:183} INFO - Processing /opt/airflow/dags/dag_etl_service_orders.py took 0.769 seconds
[2026-05-31T13:18:15.021+0000] {processor.py:161} INFO - Started process (PID=538) to work on /opt/airflow/dags/dag_etl_service_orders.py
[2026-05-31T13:18:15.022+0000] {processor.py:830} INFO - Processing file /opt/airflow/dags/dag_etl_service_orders.py for tasks to queue
[2026-05-31T13:18:15.024+0000] {logging_mixin.py:188} INFO - [2026-05-31T13:18:15.024+0000] {dagbag.py:540} INFO - Filling up the DagBag from /opt/airflow/dags/dag_etl_service_orders.py
[2026-05-31T13:18:15.066+0000] {processor.py:840} INFO - DAG(s) 'etl_service_orders' retrieved from /opt/airflow/dags/dag_etl_service_orders.py
[2026-05-31T13:18:15.084+0000] {logging_mixin.py:188} INFO - [2026-05-31T13:18:15.083+0000] {dag.py:3096} INFO - Sync 1 DAGs
[2026-05-31T13:18:15.101+0000] {logging_mixin.py:188} INFO - [2026-05-31T13:18:15.101+0000] {dag.py:3954} INFO - Setting next_dagrun for etl_service_orders to 2026-05-30 06:00:00+00:00, run_after=2026-05-31 06:00:00+00:00
[2026-05-31T13:18:15.131+0000] {processor.py:183} INFO - Processing /opt/airflow/dags/dag_etl_service_orders.py took 0.114 seconds
[2026-05-31T13:18:45.520+0000] {processor.py:161} INFO - Started process (PID=597) to work on /opt/airflow/dags/dag_etl_service_orders.py
[2026-05-31T13:18:45.521+0000] {processor.py:830} INFO - Processing file /opt/airflow/dags/dag_etl_service_orders.py for tasks to queue
[2026-05-31T13:18:45.523+0000] {logging_mixin.py:188} INFO - [2026-05-31T13:18:45.523+0000] {dagbag.py:540} INFO - Filling up the DagBag from /opt/airflow/dags/dag_etl_service_orders.py
[2026-05-31T13:18:45.578+0000] {processor.py:840} INFO - DAG(s) 'etl_service_orders' retrieved from /opt/airflow/dags/dag_etl_service_orders.py
[2026-05-31T13:18:45.595+0000] {logging_mixin.py:188} INFO - [2026-05-31T13:18:45.594+0000] {dag.py:3096} INFO - Sync 1 DAGs
[2026-05-31T13:18:45.614+0000] {logging_mixin.py:188} INFO - [2026-05-31T13:18:45.614+0000] {dag.py:3954} INFO - Setting next_dagrun for etl_service_orders to 2026-05-30 06:00:00+00:00, run_after=2026-05-31 06:00:00+00:00
[2026-05-31T13:18:45.640+0000] {processor.py:183} INFO - Processing /opt/airflow/dags/dag_etl_service_orders.py took 0.125 seconds
[2026-05-31T13:19:15.812+0000] {processor.py:161} INFO - Started process (PID=656) to work on /opt/airflow/dags/dag_etl_service_orders.py
[2026-05-31T13:19:15.813+0000] {processor.py:830} INFO - Processing file /opt/airflow/dags/dag_etl_service_orders.py for tasks to queue
[2026-05-31T13:19:15.815+0000] {logging_mixin.py:188} INFO - [2026-05-31T13:19:15.814+0000] {dagbag.py:540} INFO - Filling up the DagBag from /opt/airflow/dags/dag_etl_service_orders.py
[2026-05-31T13:19:15.866+0000] {processor.py:840} INFO - DAG(s) 'etl_service_orders' retrieved from /opt/airflow/dags/dag_etl_service_orders.py
[2026-05-31T13:19:15.884+0000] {logging_mixin.py:188} INFO - [2026-05-31T13:19:15.883+0000] {dag.py:3096} INFO - Sync 1 DAGs
[2026-05-31T13:19:15.901+0000] {logging_mixin.py:188} INFO - [2026-05-31T13:19:15.901+0000] {dag.py:3954} INFO - Setting next_dagrun for etl_service_orders to 2026-05-30 06:00:00+00:00, run_after=2026-05-31 06:00:00+00:00
[2026-05-31T13:19:15.929+0000] {processor.py:183} INFO - Processing /opt/airflow/dags/dag_etl_service_orders.py took 0.122 seconds
[2026-05-31T13:19:46.040+0000] {processor.py:161} INFO - Started process (PID=715) to work on /opt/airflow/dags/dag_etl_service_orders.py
[2026-05-31T13:19:46.042+0000] {processor.py:830} INFO - Processing file /opt/airflow/dags/dag_etl_service_orders.py for tasks to queue
[2026-05-31T13:19:46.044+0000] {logging_mixin.py:188} INFO - [2026-05-31T13:19:46.043+0000] {dagbag.py:540} INFO - Filling up the DagBag from /opt/airflow/dags/dag_etl_service_orders.py
[2026-05-31T13:19:46.101+0000] {processor.py:840} INFO - DAG(s) 'etl_service_orders' retrieved from /opt/airflow/dags/dag_etl_service_orders.py
[2026-05-31T13:19:46.120+0000] {logging_mixin.py:188} INFO - [2026-05-31T13:19:46.119+0000] {dag.py:3096} INFO - Sync 1 DAGs
[2026-05-31T13:19:46.141+0000] {logging_mixin.py:188} INFO - [2026-05-31T13:19:46.141+0000] {dag.py:3954} INFO - Setting next_dagrun for etl_service_orders to 2026-05-30 06:00:00+00:00, run_after=2026-05-31 06:00:00+00:00
[2026-05-31T13:19:46.159+0000] {processor.py:183} INFO - Processing /opt/airflow/dags/dag_etl_service_orders.py took 0.125 seconds
[2026-05-31T13:20:16.830+0000] {processor.py:161} INFO - Started process (PID=774) to work on /opt/airflow/dags/dag_etl_service_orders.py
[2026-05-31T13:20:16.831+0000] {processor.py:830} INFO - Processing file /opt/airflow/dags/dag_etl_service_orders.py for tasks to queue
[2026-05-31T13:20:16.832+0000] {logging_mixin.py:188} INFO - [2026-05-31T13:20:16.832+0000] {dagbag.py:540} INFO - Filling up the DagBag from /opt/airflow/dags/dag_etl_service_orders.py
[2026-05-31T13:20:16.880+0000] {processor.py:840} INFO - DAG(s) 'etl_service_orders' retrieved from /opt/airflow/dags/dag_etl_service_orders.py
[2026-05-31T13:20:17.033+0000] {logging_mixin.py:188} INFO - [2026-05-31T13:20:17.032+0000] {dag.py:3096} INFO - Sync 1 DAGs
[2026-05-31T13:20:17.051+0000] {logging_mixin.py:188} INFO - [2026-05-31T13:20:17.050+0000] {dag.py:3954} INFO - Setting next_dagrun for etl_service_orders to 2026-05-30 06:00:00+00:00, run_after=2026-05-31 06:00:00+00:00
[2026-05-31T13:20:17.069+0000] {processor.py:183} INFO - Processing /opt/airflow/dags/dag_etl_service_orders.py took 0.246 seconds
[2026-05-31T13:20:47.818+0000] {processor.py:161} INFO - Started process (PID=833) to work on /opt/airflow/dags/dag_etl_service_orders.py
[2026-05-31T13:20:47.819+0000] {processor.py:830} INFO - Processing file /opt/airflow/dags/dag_etl_service_orders.py for tasks to queue
[2026-05-31T13:20:47.821+0000] {logging_mixin.py:188} INFO - [2026-05-31T13:20:47.821+0000] {dagbag.py:540} INFO - Filling up the DagBag from /opt/airflow/dags/dag_etl_service_orders.py
[2026-05-31T13:20:47.868+0000] {processor.py:840} INFO - DAG(s) 'etl_service_orders' retrieved from /opt/airflow/dags/dag_etl_service_orders.py
[2026-05-31T13:20:48.008+0000] {logging_mixin.py:188} INFO - [2026-05-31T13:20:48.007+0000] {dag.py:3096} INFO - Sync 1 DAGs
[2026-05-31T13:20:48.026+0000] {logging_mixin.py:188} INFO - [2026-05-31T13:20:48.026+0000] {dag.py:3954} INFO - Setting next_dagrun for etl_service_orders to 2026-05-30 06:00:00+00:00, run_after=2026-05-31 06:00:00+00:00
[2026-05-31T13:20:48.041+0000] {processor.py:183} INFO - Processing /opt/airflow/dags/dag_etl_service_orders.py took 0.229 seconds
[2026-05-31T13:21:18.400+0000] {processor.py:161} INFO - Started process (PID=892) to work on /opt/airflow/dags/dag_etl_service_orders.py
[2026-05-31T13:21:18.402+0000] {processor.py:830} INFO - Processing file /opt/airflow/dags/dag_etl_service_orders.py for tasks to queue
[2026-05-31T13:21:18.403+0000] {logging_mixin.py:188} INFO - [2026-05-31T13:21:18.403+0000] {dagbag.py:540} INFO - Filling up the DagBag from /opt/airflow/dags/dag_etl_service_orders.py
[2026-05-31T13:21:18.449+0000] {processor.py:840} INFO - DAG(s) 'etl_service_orders' retrieved from /opt/airflow/dags/dag_etl_service_orders.py
[2026-05-31T13:21:18.471+0000] {logging_mixin.py:188} INFO - [2026-05-31T13:21:18.470+0000] {dag.py:3096} INFO - Sync 1 DAGs
[2026-05-31T13:21:18.618+0000] {logging_mixin.py:188} INFO - [2026-05-31T13:21:18.618+0000] {dag.py:3954} INFO - Setting next_dagrun for etl_service_orders to 2026-05-30 06:00:00+00:00, run_after=2026-05-31 06:00:00+00:00
[2026-05-31T13:21:18.643+0000] {processor.py:183} INFO - Processing /opt/airflow/dags/dag_etl_service_orders.py took 0.249 seconds
[2026-05-31T13:21:38.678+0000] {processor.py:161} INFO - Started process (PID=951) to work on /opt/airflow/dags/dag_etl_service_orders.py
[2026-05-31T13:21:38.679+0000] {processor.py:830} INFO - Processing file /opt/airflow/dags/dag_etl_service_orders.py for tasks to queue
[2026-05-31T13:21:38.681+0000] {logging_mixin.py:188} INFO - [2026-05-31T13:21:38.681+0000] {dagbag.py:540} INFO - Filling up the DagBag from /opt/airflow/dags/dag_etl_service_orders.py
[2026-05-31T13:21:38.733+0000] {processor.py:840} INFO - DAG(s) 'etl_service_orders' retrieved from /opt/airflow/dags/dag_etl_service_orders.py
[2026-05-31T13:21:38.749+0000] {logging_mixin.py:188} INFO - [2026-05-31T13:21:38.749+0000] {dag.py:3096} INFO - Sync 1 DAGs
[2026-05-31T13:21:38.883+0000] {logging_mixin.py:188} INFO - [2026-05-31T13:21:38.882+0000] {dag.py:3954} INFO - Setting next_dagrun for etl_service_orders to 2026-05-30 06:00:00+00:00, run_after=2026-05-31 06:00:00+00:00
[2026-05-31T13:21:38.900+0000] {processor.py:183} INFO - Processing /opt/airflow/dags/dag_etl_service_orders.py took 0.227 seconds
[2026-05-31T13:22:09.823+0000] {processor.py:161} INFO - Started process (PID=1014) to work on /opt/airflow/dags/dag_etl_service_orders.py
[2026-05-31T13:22:09.825+0000] {processor.py:830} INFO - Processing file /opt/airflow/dags/dag_etl_service_orders.py for tasks to queue
[2026-05-31T13:22:09.826+0000] {logging_mixin.py:188} INFO - [2026-05-31T13:22:09.826+0000] {dagbag.py:540} INFO - Filling up the DagBag from /opt/airflow/dags/dag_etl_service_orders.py
[2026-05-31T13:22:09.884+0000] {processor.py:840} INFO - DAG(s) 'etl_service_orders' retrieved from /opt/airflow/dags/dag_etl_service_orders.py
[2026-05-31T13:22:09.901+0000] {logging_mixin.py:188} INFO - [2026-05-31T13:22:09.901+0000] {dag.py:3096} INFO - Sync 1 DAGs
[2026-05-31T13:22:09.922+0000] {logging_mixin.py:188} INFO - [2026-05-31T13:22:09.922+0000] {dag.py:3954} INFO - Setting next_dagrun for etl_service_orders to 2026-05-31 06:00:00+00:00, run_after=2026-06-01 06:00:00+00:00
[2026-05-31T13:22:10.071+0000] {processor.py:183} INFO - Processing /opt/airflow/dags/dag_etl_service_orders.py took 0.252 seconds
[2026-05-31T13:22:41.017+0000] {processor.py:161} INFO - Started process (PID=1073) to work on /opt/airflow/dags/dag_etl_service_orders.py
[2026-05-31T13:22:41.019+0000] {processor.py:830} INFO - Processing file /opt/airflow/dags/dag_etl_service_orders.py for tasks to queue
[2026-05-31T13:22:41.021+0000] {logging_mixin.py:188} INFO - [2026-05-31T13:22:41.021+0000] {dagbag.py:540} INFO - Filling up the DagBag from /opt/airflow/dags/dag_etl_service_orders.py
[2026-05-31T13:22:41.245+0000] {processor.py:840} INFO - DAG(s) 'etl_service_orders' retrieved from /opt/airflow/dags/dag_etl_service_orders.py
[2026-05-31T13:22:41.262+0000] {logging_mixin.py:188} INFO - [2026-05-31T13:22:41.262+0000] {dag.py:3096} INFO - Sync 1 DAGs
[2026-05-31T13:22:41.280+0000] {logging_mixin.py:188} INFO - [2026-05-31T13:22:41.280+0000] {dag.py:3954} INFO - Setting next_dagrun for etl_service_orders to 2026-05-31 06:00:00+00:00, run_after=2026-06-01 06:00:00+00:00
[2026-05-31T13:22:41.299+0000] {processor.py:183} INFO - Processing /opt/airflow/dags/dag_etl_service_orders.py took 0.289 seconds
[2026-05-31T13:23:11.599+0000] {processor.py:161} INFO - Started process (PID=1132) to work on /opt/airflow/dags/dag_etl_service_orders.py
[2026-05-31T13:23:11.601+0000] {processor.py:830} INFO - Processing file /opt/airflow/dags/dag_etl_service_orders.py for tasks to queue
[2026-05-31T13:23:11.603+0000] {logging_mixin.py:188} INFO - [2026-05-31T13:23:11.603+0000] {dagbag.py:540} INFO - Filling up the DagBag from /opt/airflow/dags/dag_etl_service_orders.py
[2026-05-31T13:23:11.853+0000] {processor.py:840} INFO - DAG(s) 'etl_service_orders' retrieved from /opt/airflow/dags/dag_etl_service_orders.py
[2026-05-31T13:23:11.880+0000] {logging_mixin.py:188} INFO - [2026-05-31T13:23:11.879+0000] {dag.py:3096} INFO - Sync 1 DAGs
[2026-05-31T13:23:11.907+0000] {logging_mixin.py:188} INFO - [2026-05-31T13:23:11.906+0000] {dag.py:3954} INFO - Setting next_dagrun for etl_service_orders to 2026-05-31 06:00:00+00:00, run_after=2026-06-01 06:00:00+00:00
[2026-05-31T13:23:11.935+0000] {processor.py:183} INFO - Processing /opt/airflow/dags/dag_etl_service_orders.py took 0.342 seconds
[2026-05-31T13:23:42.755+0000] {processor.py:161} INFO - Started process (PID=1191) to work on /opt/airflow/dags/dag_etl_service_orders.py
[2026-05-31T13:23:42.756+0000] {processor.py:830} INFO - Processing file /opt/airflow/dags/dag_etl_service_orders.py for tasks to queue
[2026-05-31T13:23:42.759+0000] {logging_mixin.py:188} INFO - [2026-05-31T13:23:42.758+0000] {dagbag.py:540} INFO - Filling up the DagBag from /opt/airflow/dags/dag_etl_service_orders.py
[2026-05-31T13:23:42.809+0000] {processor.py:840} INFO - DAG(s) 'etl_service_orders' retrieved from /opt/airflow/dags/dag_etl_service_orders.py
[2026-05-31T13:23:42.826+0000] {logging_mixin.py:188} INFO - [2026-05-31T13:23:42.825+0000] {dag.py:3096} INFO - Sync 1 DAGs
[2026-05-31T13:23:42.844+0000] {logging_mixin.py:188} INFO - [2026-05-31T13:23:42.844+0000] {dag.py:3954} INFO - Setting next_dagrun for etl_service_orders to 2026-05-31 06:00:00+00:00, run_after=2026-06-01 06:00:00+00:00
[2026-05-31T13:23:42.862+0000] {processor.py:183} INFO - Processing /opt/airflow/dags/dag_etl_service_orders.py took 0.114 seconds
[2026-05-31T13:24:13.217+0000] {processor.py:161} INFO - Started process (PID=1250) to work on /opt/airflow/dags/dag_etl_service_orders.py
[2026-05-31T13:24:13.218+0000] {processor.py:830} INFO - Processing file /opt/airflow/dags/dag_etl_service_orders.py for tasks to queue
[2026-05-31T13:24:13.219+0000] {logging_mixin.py:188} INFO - [2026-05-31T13:24:13.219+0000] {dagbag.py:540} INFO - Filling up the DagBag from /opt/airflow/dags/dag_etl_service_orders.py
[2026-05-31T13:24:13.263+0000] {processor.py:840} INFO - DAG(s) 'etl_service_orders' retrieved from /opt/airflow/dags/dag_etl_service_orders.py
[2026-05-31T13:24:13.279+0000] {logging_mixin.py:188} INFO - [2026-05-31T13:24:13.279+0000] {dag.py:3096} INFO - Sync 1 DAGs
[2026-05-31T13:24:13.298+0000] {logging_mixin.py:188} INFO - [2026-05-31T13:24:13.298+0000] {dag.py:3954} INFO - Setting next_dagrun for etl_service_orders to 2026-05-31 06:00:00+00:00, run_after=2026-06-01 06:00:00+00:00
[2026-05-31T13:24:13.313+0000] {processor.py:183} INFO - Processing /opt/airflow/dags/dag_etl_service_orders.py took 0.101 seconds
[2026-05-31T13:24:44.132+0000] {processor.py:161} INFO - Started process (PID=1309) to work on /opt/airflow/dags/dag_etl_service_orders.py
[2026-05-31T13:24:44.133+0000] {processor.py:830} INFO - Processing file /opt/airflow/dags/dag_etl_service_orders.py for tasks to queue
[2026-05-31T13:24:44.134+0000] {logging_mixin.py:188} INFO - [2026-05-31T13:24:44.134+0000] {dagbag.py:540} INFO - Filling up the DagBag from /opt/airflow/dags/dag_etl_service_orders.py
[2026-05-31T13:24:44.179+0000] {processor.py:840} INFO - DAG(s) 'etl_service_orders' retrieved from /opt/airflow/dags/dag_etl_service_orders.py
[2026-05-31T13:24:44.195+0000] {logging_mixin.py:188} INFO - [2026-05-31T13:24:44.195+0000] {dag.py:3096} INFO - Sync 1 DAGs
[2026-05-31T13:24:44.215+0000] {logging_mixin.py:188} INFO - [2026-05-31T13:24:44.215+0000] {dag.py:3954} INFO - Setting next_dagrun for etl_service_orders to 2026-05-31 06:00:00+00:00, run_after=2026-06-01 06:00:00+00:00
[2026-05-31T13:24:44.232+0000] {processor.py:183} INFO - Processing /opt/airflow/dags/dag_etl_service_orders.py took 0.105 seconds
[2026-05-31T13:25:15.254+0000] {processor.py:161} INFO - Started process (PID=1368) to work on /opt/airflow/dags/dag_etl_service_orders.py
[2026-05-31T13:25:15.255+0000] {processor.py:830} INFO - Processing file /opt/airflow/dags/dag_etl_service_orders.py for tasks to queue
[2026-05-31T13:25:15.257+0000] {logging_mixin.py:188} INFO - [2026-05-31T13:25:15.257+0000] {dagbag.py:540} INFO - Filling up the DagBag from /opt/airflow/dags/dag_etl_service_orders.py
[2026-05-31T13:25:15.313+0000] {processor.py:840} INFO - DAG(s) 'etl_service_orders' retrieved from /opt/airflow/dags/dag_etl_service_orders.py
[2026-05-31T13:25:15.331+0000] {logging_mixin.py:188} INFO - [2026-05-31T13:25:15.331+0000] {dag.py:3096} INFO - Sync 1 DAGs
[2026-05-31T13:25:15.352+0000] {logging_mixin.py:188} INFO - [2026-05-31T13:25:15.352+0000] {dag.py:3954} INFO - Setting next_dagrun for etl_service_orders to 2026-05-31 06:00:00+00:00, run_after=2026-06-01 06:00:00+00:00
[2026-05-31T13:25:15.372+0000] {processor.py:183} INFO - Processing /opt/airflow/dags/dag_etl_service_orders.py took 0.123 seconds
[2026-05-31T13:25:45.419+0000] {processor.py:161} INFO - Started process (PID=1427) to work on /opt/airflow/dags/dag_etl_service_orders.py
[2026-05-31T13:25:45.420+0000] {processor.py:830} INFO - Processing file /opt/airflow/dags/dag_etl_service_orders.py for tasks to queue
[2026-05-31T13:25:45.422+0000] {logging_mixin.py:188} INFO - [2026-05-31T13:25:45.422+0000] {dagbag.py:540} INFO - Filling up the DagBag from /opt/airflow/dags/dag_etl_service_orders.py
[2026-05-31T13:25:45.476+0000] {processor.py:840} INFO - DAG(s) 'etl_service_orders' retrieved from /opt/airflow/dags/dag_etl_service_orders.py
[2026-05-31T13:25:45.495+0000] {logging_mixin.py:188} INFO - [2026-05-31T13:25:45.494+0000] {dag.py:3096} INFO - Sync 1 DAGs
[2026-05-31T13:25:45.514+0000] {logging_mixin.py:188} INFO - [2026-05-31T13:25:45.514+0000] {dag.py:3954} INFO - Setting next_dagrun for etl_service_orders to 2026-05-31 06:00:00+00:00, run_after=2026-06-01 06:00:00+00:00
[2026-05-31T13:25:45.531+0000] {processor.py:183} INFO - Processing /opt/airflow/dags/dag_etl_service_orders.py took 0.119 seconds
[2026-05-31T13:26:10.679+0000] {processor.py:161} INFO - Started process (PID=1482) to work on /opt/airflow/dags/dag_etl_service_orders.py
[2026-05-31T13:26:10.680+0000] {processor.py:830} INFO - Processing file /opt/airflow/dags/dag_etl_service_orders.py for tasks to queue
[2026-05-31T13:26:10.682+0000] {logging_mixin.py:188} INFO - [2026-05-31T13:26:10.682+0000] {dagbag.py:540} INFO - Filling up the DagBag from /opt/airflow/dags/dag_etl_service_orders.py
[2026-05-31T13:26:10.749+0000] {processor.py:840} INFO - DAG(s) 'etl_service_orders' retrieved from /opt/airflow/dags/dag_etl_service_orders.py
[2026-05-31T13:26:10.766+0000] {logging_mixin.py:188} INFO - [2026-05-31T13:26:10.765+0000] {dag.py:3096} INFO - Sync 1 DAGs
[2026-05-31T13:26:10.783+0000] {logging_mixin.py:188} INFO - [2026-05-31T13:26:10.783+0000] {dag.py:3954} INFO - Setting next_dagrun for etl_service_orders to 2026-05-31 06:00:00+00:00, run_after=2026-06-01 06:00:00+00:00
[2026-05-31T13:26:10.802+0000] {processor.py:183} INFO - Processing /opt/airflow/dags/dag_etl_service_orders.py took 0.129 seconds
[2026-05-31T13:26:41.557+0000] {processor.py:161} INFO - Started process (PID=1541) to work on /opt/airflow/dags/dag_etl_service_orders.py
[2026-05-31T13:26:41.558+0000] {processor.py:830} INFO - Processing file /opt/airflow/dags/dag_etl_service_orders.py for tasks to queue
[2026-05-31T13:26:41.560+0000] {logging_mixin.py:188} INFO - [2026-05-31T13:26:41.559+0000] {dagbag.py:540} INFO - Filling up the DagBag from /opt/airflow/dags/dag_etl_service_orders.py
[2026-05-31T13:26:41.613+0000] {processor.py:840} INFO - DAG(s) 'etl_service_orders' retrieved from /opt/airflow/dags/dag_etl_service_orders.py
[2026-05-31T13:26:41.633+0000] {logging_mixin.py:188} INFO - [2026-05-31T13:26:41.633+0000] {dag.py:3096} INFO - Sync 1 DAGs
[2026-05-31T13:26:41.653+0000] {logging_mixin.py:188} INFO - [2026-05-31T13:26:41.653+0000] {dag.py:3954} INFO - Setting next_dagrun for etl_service_orders to 2026-05-31 06:00:00+00:00, run_after=2026-06-01 06:00:00+00:00
[2026-05-31T13:26:41.675+0000] {processor.py:183} INFO - Processing /opt/airflow/dags/dag_etl_service_orders.py took 0.124 seconds
[2026-05-31T13:27:11.740+0000] {processor.py:161} INFO - Started process (PID=1600) to work on /opt/airflow/dags/dag_etl_service_orders.py
[2026-05-31T13:27:11.742+0000] {processor.py:830} INFO - Processing file /opt/airflow/dags/dag_etl_service_orders.py for tasks to queue
[2026-05-31T13:27:11.744+0000] {logging_mixin.py:188} INFO - [2026-05-31T13:27:11.744+0000] {dagbag.py:540} INFO - Filling up the DagBag from /opt/airflow/dags/dag_etl_service_orders.py
[2026-05-31T13:27:11.810+0000] {processor.py:840} INFO - DAG(s) 'etl_service_orders' retrieved from /opt/airflow/dags/dag_etl_service_orders.py
[2026-05-31T13:27:11.899+0000] {logging_mixin.py:188} INFO - [2026-05-31T13:27:11.899+0000] {dag.py:3096} INFO - Sync 1 DAGs
[2026-05-31T13:27:11.909+0000] {logging_mixin.py:188} INFO - [2026-05-31T13:27:11.909+0000] {dag.py:3118} INFO - Creating ORM DAG for etl_service_orders
[2026-05-31T13:27:11.920+0000] {logging_mixin.py:188} INFO - [2026-05-31T13:27:11.919+0000] {dag.py:3954} INFO - Setting next_dagrun for etl_service_orders to 2026-05-30 06:00:00+00:00, run_after=2026-05-31 06:00:00+00:00
[2026-05-31T13:27:11.941+0000] {processor.py:183} INFO - Processing /opt/airflow/dags/dag_etl_service_orders.py took 0.206 seconds
[2026-05-31T13:27:42.944+0000] {processor.py:161} INFO - Started process (PID=1663) to work on /opt/airflow/dags/dag_etl_service_orders.py
[2026-05-31T13:27:42.946+0000] {processor.py:830} INFO - Processing file /opt/airflow/dags/dag_etl_service_orders.py for tasks to queue
[2026-05-31T13:27:42.948+0000] {logging_mixin.py:188} INFO - [2026-05-31T13:27:42.948+0000] {dagbag.py:540} INFO - Filling up the DagBag from /opt/airflow/dags/dag_etl_service_orders.py
[2026-05-31T13:27:43.001+0000] {processor.py:840} INFO - DAG(s) 'etl_service_orders' retrieved from /opt/airflow/dags/dag_etl_service_orders.py
[2026-05-31T13:27:43.018+0000] {logging_mixin.py:188} INFO - [2026-05-31T13:27:43.018+0000] {dag.py:3096} INFO - Sync 1 DAGs
[2026-05-31T13:27:43.036+0000] {logging_mixin.py:188} INFO - [2026-05-31T13:27:43.035+0000] {dag.py:3954} INFO - Setting next_dagrun for etl_service_orders to 2026-05-30 06:00:00+00:00, run_after=2026-05-31 06:00:00+00:00
[2026-05-31T13:27:43.050+0000] {processor.py:183} INFO - Processing /opt/airflow/dags/dag_etl_service_orders.py took 0.114 seconds
[2026-05-31T13:28:13.363+0000] {processor.py:161} INFO - Started process (PID=1726) to work on /opt/airflow/dags/dag_etl_service_orders.py
[2026-05-31T13:28:13.364+0000] {processor.py:830} INFO - Processing file /opt/airflow/dags/dag_etl_service_orders.py for tasks to queue
[2026-05-31T13:28:13.366+0000] {logging_mixin.py:188} INFO - [2026-05-31T13:28:13.366+0000] {dagbag.py:540} INFO - Filling up the DagBag from /opt/airflow/dags/dag_etl_service_orders.py
[2026-05-31T13:28:13.416+0000] {processor.py:840} INFO - DAG(s) 'etl_service_orders' retrieved from /opt/airflow/dags/dag_etl_service_orders.py
[2026-05-31T13:28:13.435+0000] {logging_mixin.py:188} INFO - [2026-05-31T13:28:13.434+0000] {dag.py:3096} INFO - Sync 1 DAGs
[2026-05-31T13:28:13.454+0000] {logging_mixin.py:188} INFO - [2026-05-31T13:28:13.454+0000] {dag.py:3954} INFO - Setting next_dagrun for etl_service_orders to 2026-05-31 06:00:00+00:00, run_after=2026-06-01 06:00:00+00:00
[2026-05-31T13:28:13.473+0000] {processor.py:183} INFO - Processing /opt/airflow/dags/dag_etl_service_orders.py took 0.115 seconds
[2026-05-31T13:28:43.792+0000] {processor.py:161} INFO - Started process (PID=1785) to work on /opt/airflow/dags/dag_etl_service_orders.py
[2026-05-31T13:28:43.793+0000] {processor.py:830} INFO - Processing file /opt/airflow/dags/dag_etl_service_orders.py for tasks to queue
[2026-05-31T13:28:43.795+0000] {logging_mixin.py:188} INFO - [2026-05-31T13:28:43.794+0000] {dagbag.py:540} INFO - Filling up the DagBag from /opt/airflow/dags/dag_etl_service_orders.py
[2026-05-31T13:28:43.844+0000] {processor.py:840} INFO - DAG(s) 'etl_service_orders' retrieved from /opt/airflow/dags/dag_etl_service_orders.py
[2026-05-31T13:28:43.866+0000] {logging_mixin.py:188} INFO - [2026-05-31T13:28:43.865+0000] {dag.py:3096} INFO - Sync 1 DAGs
[2026-05-31T13:28:43.889+0000] {logging_mixin.py:188} INFO - [2026-05-31T13:28:43.888+0000] {dag.py:3954} INFO - Setting next_dagrun for etl_service_orders to 2026-05-31 06:00:00+00:00, run_after=2026-06-01 06:00:00+00:00
[2026-05-31T13:28:43.914+0000] {processor.py:183} INFO - Processing /opt/airflow/dags/dag_etl_service_orders.py took 0.127 seconds
[2026-05-31T13:29:14.528+0000] {processor.py:161} INFO - Started process (PID=1844) to work on /opt/airflow/dags/dag_etl_service_orders.py
[2026-05-31T13:29:14.529+0000] {processor.py:830} INFO - Processing file /opt/airflow/dags/dag_etl_service_orders.py for tasks to queue
[2026-05-31T13:29:14.531+0000] {logging_mixin.py:188} INFO - [2026-05-31T13:29:14.531+0000] {dagbag.py:540} INFO - Filling up the DagBag from /opt/airflow/dags/dag_etl_service_orders.py
[2026-05-31T13:29:14.576+0000] {processor.py:840} INFO - DAG(s) 'etl_service_orders' retrieved from /opt/airflow/dags/dag_etl_service_orders.py
[2026-05-31T13:29:14.595+0000] {logging_mixin.py:188} INFO - [2026-05-31T13:29:14.594+0000] {dag.py:3096} INFO - Sync 1 DAGs
[2026-05-31T13:29:14.615+0000] {logging_mixin.py:188} INFO - [2026-05-31T13:29:14.615+0000] {dag.py:3954} INFO - Setting next_dagrun for etl_service_orders to 2026-05-31 06:00:00+00:00, run_after=2026-06-01 06:00:00+00:00
[2026-05-31T13:29:14.638+0000] {processor.py:183} INFO - Processing /opt/airflow/dags/dag_etl_service_orders.py took 0.115 seconds
[2026-05-31T13:29:45.364+0000] {processor.py:161} INFO - Started process (PID=1903) to work on /opt/airflow/dags/dag_etl_service_orders.py
[2026-05-31T13:29:45.365+0000] {processor.py:830} INFO - Processing file /opt/airflow/dags/dag_etl_service_orders.py for tasks to queue
[2026-05-31T13:29:45.367+0000] {logging_mixin.py:188} INFO - [2026-05-31T13:29:45.367+0000] {dagbag.py:540} INFO - Filling up the DagBag from /opt/airflow/dags/dag_etl_service_orders.py
[2026-05-31T13:29:45.423+0000] {processor.py:840} INFO - DAG(s) 'etl_service_orders' retrieved from /opt/airflow/dags/dag_etl_service_orders.py
[2026-05-31T13:29:45.445+0000] {logging_mixin.py:188} INFO - [2026-05-31T13:29:45.444+0000] {dag.py:3096} INFO - Sync 1 DAGs
[2026-05-31T13:29:45.464+0000] {logging_mixin.py:188} INFO - [2026-05-31T13:29:45.464+0000] {dag.py:3954} INFO - Setting next_dagrun for etl_service_orders to 2026-05-31 06:00:00+00:00, run_after=2026-06-01 06:00:00+00:00
[2026-05-31T13:29:45.494+0000] {processor.py:183} INFO - Processing /opt/airflow/dags/dag_etl_service_orders.py took 0.135 seconds
[2026-05-31T13:30:15.624+0000] {processor.py:161} INFO - Started process (PID=1962) to work on /opt/airflow/dags/dag_etl_service_orders.py
[2026-05-31T13:30:15.625+0000] {processor.py:830} INFO - Processing file /opt/airflow/dags/dag_etl_service_orders.py for tasks to queue
[2026-05-31T13:30:15.627+0000] {logging_mixin.py:188} INFO - [2026-05-31T13:30:15.627+0000] {dagbag.py:540} INFO - Filling up the DagBag from /opt/airflow/dags/dag_etl_service_orders.py
[2026-05-31T13:30:15.675+0000] {processor.py:840} INFO - DAG(s) 'etl_service_orders' retrieved from /opt/airflow/dags/dag_etl_service_orders.py
[2026-05-31T13:30:15.698+0000] {logging_mixin.py:188} INFO - [2026-05-31T13:30:15.698+0000] {dag.py:3096} INFO - Sync 1 DAGs
[2026-05-31T13:30:15.720+0000] {logging_mixin.py:188} INFO - [2026-05-31T13:30:15.720+0000] {dag.py:3954} INFO - Setting next_dagrun for etl_service_orders to 2026-05-31 06:00:00+00:00, run_after=2026-06-01 06:00:00+00:00
[2026-05-31T13:30:15.743+0000] {processor.py:183} INFO - Processing /opt/airflow/dags/dag_etl_service_orders.py took 0.124 seconds
[2026-05-31T13:30:45.826+0000] {processor.py:161} INFO - Started process (PID=2021) to work on /opt/airflow/dags/dag_etl_service_orders.py
[2026-05-31T13:30:45.829+0000] {processor.py:830} INFO - Processing file /opt/airflow/dags/dag_etl_service_orders.py for tasks to queue
[2026-05-31T13:30:45.834+0000] {logging_mixin.py:188} INFO - [2026-05-31T13:30:45.833+0000] {dagbag.py:540} INFO - Filling up the DagBag from /opt/airflow/dags/dag_etl_service_orders.py
[2026-05-31T13:30:45.925+0000] {processor.py:840} INFO - DAG(s) 'etl_service_orders' retrieved from /opt/airflow/dags/dag_etl_service_orders.py
[2026-05-31T13:30:45.962+0000] {logging_mixin.py:188} INFO - [2026-05-31T13:30:45.961+0000] {dag.py:3096} INFO - Sync 1 DAGs
[2026-05-31T13:30:46.001+0000] {logging_mixin.py:188} INFO - [2026-05-31T13:30:46.000+0000] {dag.py:3954} INFO - Setting next_dagrun for etl_service_orders to 2026-05-31 06:00:00+00:00, run_after=2026-06-01 06:00:00+00:00
[2026-05-31T13:30:46.034+0000] {processor.py:183} INFO - Processing /opt/airflow/dags/dag_etl_service_orders.py took 0.224 seconds
[2026-05-31T13:31:16.095+0000] {processor.py:161} INFO - Started process (PID=2080) to work on /opt/airflow/dags/dag_etl_service_orders.py
[2026-05-31T13:31:16.096+0000] {processor.py:830} INFO - Processing file /opt/airflow/dags/dag_etl_service_orders.py for tasks to queue
[2026-05-31T13:31:16.098+0000] {logging_mixin.py:188} INFO - [2026-05-31T13:31:16.098+0000] {dagbag.py:540} INFO - Filling up the DagBag from /opt/airflow/dags/dag_etl_service_orders.py
[2026-05-31T13:31:16.146+0000] {processor.py:840} INFO - DAG(s) 'etl_service_orders' retrieved from /opt/airflow/dags/dag_etl_service_orders.py
[2026-05-31T13:31:16.164+0000] {logging_mixin.py:188} INFO - [2026-05-31T13:31:16.164+0000] {dag.py:3096} INFO - Sync 1 DAGs
[2026-05-31T13:31:16.182+0000] {logging_mixin.py:188} INFO - [2026-05-31T13:31:16.182+0000] {dag.py:3954} INFO - Setting next_dagrun for etl_service_orders to 2026-05-31 06:00:00+00:00, run_after=2026-06-01 06:00:00+00:00
[2026-05-31T13:31:16.199+0000] {processor.py:183} INFO - Processing /opt/airflow/dags/dag_etl_service_orders.py took 0.109 seconds
[2026-05-31T13:31:46.914+0000] {processor.py:161} INFO - Started process (PID=2139) to work on /opt/airflow/dags/dag_etl_service_orders.py
[2026-05-31T13:31:46.916+0000] {processor.py:830} INFO - Processing file /opt/airflow/dags/dag_etl_service_orders.py for tasks to queue
[2026-05-31T13:31:46.917+0000] {logging_mixin.py:188} INFO - [2026-05-31T13:31:46.917+0000] {dagbag.py:540} INFO - Filling up the DagBag from /opt/airflow/dags/dag_etl_service_orders.py
[2026-05-31T13:31:46.968+0000] {processor.py:840} INFO - DAG(s) 'etl_service_orders' retrieved from /opt/airflow/dags/dag_etl_service_orders.py
[2026-05-31T13:31:46.984+0000] {logging_mixin.py:188} INFO - [2026-05-31T13:31:46.984+0000] {dag.py:3096} INFO - Sync 1 DAGs
[2026-05-31T13:31:47.003+0000] {logging_mixin.py:188} INFO - [2026-05-31T13:31:47.003+0000] {dag.py:3954} INFO - Setting next_dagrun for etl_service_orders to 2026-05-31 06:00:00+00:00, run_after=2026-06-01 06:00:00+00:00
[2026-05-31T13:31:47.022+0000] {processor.py:183} INFO - Processing /opt/airflow/dags/dag_etl_service_orders.py took 0.113 seconds
[2026-05-31T13:32:17.725+0000] {processor.py:161} INFO - Started process (PID=2198) to work on /opt/airflow/dags/dag_etl_service_orders.py
[2026-05-31T13:32:17.726+0000] {processor.py:830} INFO - Processing file /opt/airflow/dags/dag_etl_service_orders.py for tasks to queue
[2026-05-31T13:32:17.728+0000] {logging_mixin.py:188} INFO - [2026-05-31T13:32:17.727+0000] {dagbag.py:540} INFO - Filling up the DagBag from /opt/airflow/dags/dag_etl_service_orders.py
[2026-05-31T13:32:17.777+0000] {processor.py:840} INFO - DAG(s) 'etl_service_orders' retrieved from /opt/airflow/dags/dag_etl_service_orders.py
[2026-05-31T13:32:17.793+0000] {logging_mixin.py:188} INFO - [2026-05-31T13:32:17.792+0000] {dag.py:3096} INFO - Sync 1 DAGs
[2026-05-31T13:32:17.811+0000] {logging_mixin.py:188} INFO - [2026-05-31T13:32:17.810+0000] {dag.py:3954} INFO - Setting next_dagrun for etl_service_orders to 2026-05-31 06:00:00+00:00, run_after=2026-06-01 06:00:00+00:00
[2026-05-31T13:32:17.830+0000] {processor.py:183} INFO - Processing /opt/airflow/dags/dag_etl_service_orders.py took 0.110 seconds
[2026-05-31T13:32:48.506+0000] {processor.py:161} INFO - Started process (PID=2258) to work on /opt/airflow/dags/dag_etl_service_orders.py
[2026-05-31T13:32:48.507+0000] {processor.py:830} INFO - Processing file /opt/airflow/dags/dag_etl_service_orders.py for tasks to queue
[2026-05-31T13:32:48.509+0000] {logging_mixin.py:188} INFO - [2026-05-31T13:32:48.508+0000] {dagbag.py:540} INFO - Filling up the DagBag from /opt/airflow/dags/dag_etl_service_orders.py
[2026-05-31T13:32:48.557+0000] {processor.py:840} INFO - DAG(s) 'etl_service_orders' retrieved from /opt/airflow/dags/dag_etl_service_orders.py
[2026-05-31T13:32:48.574+0000] {logging_mixin.py:188} INFO - [2026-05-31T13:32:48.573+0000] {dag.py:3096} INFO - Sync 1 DAGs
[2026-05-31T13:32:48.591+0000] {logging_mixin.py:188} INFO - [2026-05-31T13:32:48.591+0000] {dag.py:3954} INFO - Setting next_dagrun for etl_service_orders to 2026-05-31 06:00:00+00:00, run_after=2026-06-01 06:00:00+00:00
[2026-05-31T13:32:48.608+0000] {processor.py:183} INFO - Processing /opt/airflow/dags/dag_etl_service_orders.py took 0.108 seconds
[2026-05-31T13:33:19.159+0000] {processor.py:161} INFO - Started process (PID=2317) to work on /opt/airflow/dags/dag_etl_service_orders.py
[2026-05-31T13:33:19.160+0000] {processor.py:830} INFO - Processing file /opt/airflow/dags/dag_etl_service_orders.py for tasks to queue
[2026-05-31T13:33:19.162+0000] {logging_mixin.py:188} INFO - [2026-05-31T13:33:19.162+0000] {dagbag.py:540} INFO - Filling up the DagBag from /opt/airflow/dags/dag_etl_service_orders.py
[2026-05-31T13:33:19.207+0000] {processor.py:840} INFO - DAG(s) 'etl_service_orders' retrieved from /opt/airflow/dags/dag_etl_service_orders.py
[2026-05-31T13:33:19.223+0000] {logging_mixin.py:188} INFO - [2026-05-31T13:33:19.223+0000] {dag.py:3096} INFO - Sync 1 DAGs
[2026-05-31T13:33:19.241+0000] {logging_mixin.py:188} INFO - [2026-05-31T13:33:19.241+0000] {dag.py:3954} INFO - Setting next_dagrun for etl_service_orders to 2026-05-31 06:00:00+00:00, run_after=2026-06-01 06:00:00+00:00
[2026-05-31T13:33:19.262+0000] {processor.py:183} INFO - Processing /opt/airflow/dags/dag_etl_service_orders.py took 0.108 seconds
[2026-05-31T13:33:49.747+0000] {processor.py:161} INFO - Started process (PID=2376) to work on /opt/airflow/dags/dag_etl_service_orders.py
[2026-05-31T13:33:49.749+0000] {processor.py:830} INFO - Processing file /opt/airflow/dags/dag_etl_service_orders.py for tasks to queue
[2026-05-31T13:33:49.751+0000] {logging_mixin.py:188} INFO - [2026-05-31T13:33:49.751+0000] {dagbag.py:540} INFO - Filling up the DagBag from /opt/airflow/dags/dag_etl_service_orders.py
[2026-05-31T13:33:49.800+0000] {processor.py:840} INFO - DAG(s) 'etl_service_orders' retrieved from /opt/airflow/dags/dag_etl_service_orders.py
[2026-05-31T13:33:49.817+0000] {logging_mixin.py:188} INFO - [2026-05-31T13:33:49.817+0000] {dag.py:3096} INFO - Sync 1 DAGs
[2026-05-31T13:33:49.835+0000] {logging_mixin.py:188} INFO - [2026-05-31T13:33:49.835+0000] {dag.py:3954} INFO - Setting next_dagrun for etl_service_orders to 2026-05-31 06:00:00+00:00, run_after=2026-06-01 06:00:00+00:00
[2026-05-31T13:33:49.861+0000] {processor.py:183} INFO - Processing /opt/airflow/dags/dag_etl_service_orders.py took 0.119 seconds
[2026-05-31T13:34:20.631+0000] {processor.py:161} INFO - Started process (PID=2435) to work on /opt/airflow/dags/dag_etl_service_orders.py
[2026-05-31T13:34:20.633+0000] {processor.py:830} INFO - Processing file /opt/airflow/dags/dag_etl_service_orders.py for tasks to queue
[2026-05-31T13:34:20.636+0000] {logging_mixin.py:188} INFO - [2026-05-31T13:34:20.635+0000] {dagbag.py:540} INFO - Filling up the DagBag from /opt/airflow/dags/dag_etl_service_orders.py
[2026-05-31T13:34:20.702+0000] {processor.py:840} INFO - DAG(s) 'etl_service_orders' retrieved from /opt/airflow/dags/dag_etl_service_orders.py
[2026-05-31T13:34:20.724+0000] {logging_mixin.py:188} INFO - [2026-05-31T13:34:20.724+0000] {dag.py:3096} INFO - Sync 1 DAGs
[2026-05-31T13:34:20.760+0000] {logging_mixin.py:188} INFO - [2026-05-31T13:34:20.760+0000] {dag.py:3954} INFO - Setting next_dagrun for etl_service_orders to 2026-05-31 06:00:00+00:00, run_after=2026-06-01 06:00:00+00:00
[2026-05-31T13:34:20.799+0000] {processor.py:183} INFO - Processing /opt/airflow/dags/dag_etl_service_orders.py took 0.176 seconds
[2026-05-31T13:34:51.000+0000] {processor.py:161} INFO - Started process (PID=2494) to work on /opt/airflow/dags/dag_etl_service_orders.py
[2026-05-31T13:34:51.001+0000] {processor.py:830} INFO - Processing file /opt/airflow/dags/dag_etl_service_orders.py for tasks to queue
[2026-05-31T13:34:51.003+0000] {logging_mixin.py:188} INFO - [2026-05-31T13:34:51.003+0000] {dagbag.py:540} INFO - Filling up the DagBag from /opt/airflow/dags/dag_etl_service_orders.py
[2026-05-31T13:34:51.054+0000] {processor.py:840} INFO - DAG(s) 'etl_service_orders' retrieved from /opt/airflow/dags/dag_etl_service_orders.py
[2026-05-31T13:34:51.070+0000] {logging_mixin.py:188} INFO - [2026-05-31T13:34:51.070+0000] {dag.py:3096} INFO - Sync 1 DAGs
[2026-05-31T13:34:51.088+0000] {logging_mixin.py:188} INFO - [2026-05-31T13:34:51.088+0000] {dag.py:3954} INFO - Setting next_dagrun for etl_service_orders to 2026-05-31 06:00:00+00:00, run_after=2026-06-01 06:00:00+00:00
[2026-05-31T13:34:51.105+0000] {processor.py:183} INFO - Processing /opt/airflow/dags/dag_etl_service_orders.py took 0.110 seconds
[2026-05-31T13:35:22.049+0000] {processor.py:161} INFO - Started process (PID=2553) to work on /opt/airflow/dags/dag_etl_service_orders.py
[2026-05-31T13:35:22.050+0000] {processor.py:830} INFO - Processing file /opt/airflow/dags/dag_etl_service_orders.py for tasks to queue
[2026-05-31T13:35:22.052+0000] {logging_mixin.py:188} INFO - [2026-05-31T13:35:22.051+0000] {dagbag.py:540} INFO - Filling up the DagBag from /opt/airflow/dags/dag_etl_service_orders.py
[2026-05-31T13:35:22.096+0000] {processor.py:840} INFO - DAG(s) 'etl_service_orders' retrieved from /opt/airflow/dags/dag_etl_service_orders.py
[2026-05-31T13:35:22.114+0000] {logging_mixin.py:188} INFO - [2026-05-31T13:35:22.114+0000] {dag.py:3096} INFO - Sync 1 DAGs
[2026-05-31T13:35:22.131+0000] {logging_mixin.py:188} INFO - [2026-05-31T13:35:22.131+0000] {dag.py:3954} INFO - Setting next_dagrun for etl_service_orders to 2026-05-31 06:00:00+00:00, run_after=2026-06-01 06:00:00+00:00
[2026-05-31T13:35:22.155+0000] {processor.py:183} INFO - Processing /opt/airflow/dags/dag_etl_service_orders.py took 0.111 seconds
[2026-05-31T13:35:52.286+0000] {processor.py:161} INFO - Started process (PID=2612) to work on /opt/airflow/dags/dag_etl_service_orders.py
[2026-05-31T13:35:52.287+0000] {processor.py:830} INFO - Processing file /opt/airflow/dags/dag_etl_service_orders.py for tasks to queue
[2026-05-31T13:35:52.289+0000] {logging_mixin.py:188} INFO - [2026-05-31T13:35:52.288+0000] {dagbag.py:540} INFO - Filling up the DagBag from /opt/airflow/dags/dag_etl_service_orders.py
[2026-05-31T13:35:52.347+0000] {processor.py:840} INFO - DAG(s) 'etl_service_orders' retrieved from /opt/airflow/dags/dag_etl_service_orders.py
[2026-05-31T13:35:52.367+0000] {logging_mixin.py:188} INFO - [2026-05-31T13:35:52.367+0000] {dag.py:3096} INFO - Sync 1 DAGs
[2026-05-31T13:35:52.387+0000] {logging_mixin.py:188} INFO - [2026-05-31T13:35:52.387+0000] {dag.py:3954} INFO - Setting next_dagrun for etl_service_orders to 2026-05-31 06:00:00+00:00, run_after=2026-06-01 06:00:00+00:00
[2026-05-31T13:35:52.406+0000] {processor.py:183} INFO - Processing /opt/airflow/dags/dag_etl_service_orders.py took 0.125 seconds
[2026-05-31T13:36:22.604+0000] {processor.py:161} INFO - Started process (PID=2671) to work on /opt/airflow/dags/dag_etl_service_orders.py
[2026-05-31T13:36:22.605+0000] {processor.py:830} INFO - Processing file /opt/airflow/dags/dag_etl_service_orders.py for tasks to queue
[2026-05-31T13:36:22.608+0000] {logging_mixin.py:188} INFO - [2026-05-31T13:36:22.607+0000] {dagbag.py:540} INFO - Filling up the DagBag from /opt/airflow/dags/dag_etl_service_orders.py
[2026-05-31T13:36:22.674+0000] {processor.py:840} INFO - DAG(s) 'etl_service_orders' retrieved from /opt/airflow/dags/dag_etl_service_orders.py
[2026-05-31T13:36:22.695+0000] {logging_mixin.py:188} INFO - [2026-05-31T13:36:22.694+0000] {dag.py:3096} INFO - Sync 1 DAGs
[2026-05-31T13:36:22.717+0000] {logging_mixin.py:188} INFO - [2026-05-31T13:36:22.717+0000] {dag.py:3954} INFO - Setting next_dagrun for etl_service_orders to 2026-05-31 06:00:00+00:00, run_after=2026-06-01 06:00:00+00:00
[2026-05-31T13:36:22.737+0000] {processor.py:183} INFO - Processing /opt/airflow/dags/dag_etl_service_orders.py took 0.141 seconds
[2026-05-31T13:36:53.354+0000] {processor.py:161} INFO - Started process (PID=2730) to work on /opt/airflow/dags/dag_etl_service_orders.py
[2026-05-31T13:36:53.356+0000] {processor.py:830} INFO - Processing file /opt/airflow/dags/dag_etl_service_orders.py for tasks to queue
[2026-05-31T13:36:53.358+0000] {logging_mixin.py:188} INFO - [2026-05-31T13:36:53.358+0000] {dagbag.py:540} INFO - Filling up the DagBag from /opt/airflow/dags/dag_etl_service_orders.py
[2026-05-31T13:36:53.423+0000] {processor.py:840} INFO - DAG(s) 'etl_service_orders' retrieved from /opt/airflow/dags/dag_etl_service_orders.py
[2026-05-31T13:36:53.442+0000] {logging_mixin.py:188} INFO - [2026-05-31T13:36:53.442+0000] {dag.py:3096} INFO - Sync 1 DAGs
[2026-05-31T13:36:53.461+0000] {logging_mixin.py:188} INFO - [2026-05-31T13:36:53.461+0000] {dag.py:3954} INFO - Setting next_dagrun for etl_service_orders to 2026-05-31 06:00:00+00:00, run_after=2026-06-01 06:00:00+00:00
[2026-05-31T13:36:53.491+0000] {processor.py:183} INFO - Processing /opt/airflow/dags/dag_etl_service_orders.py took 0.142 seconds
[2026-05-31T13:37:24.107+0000] {processor.py:161} INFO - Started process (PID=2789) to work on /opt/airflow/dags/dag_etl_service_orders.py
[2026-05-31T13:37:24.108+0000] {processor.py:830} INFO - Processing file /opt/airflow/dags/dag_etl_service_orders.py for tasks to queue
[2026-05-31T13:37:24.110+0000] {logging_mixin.py:188} INFO - [2026-05-31T13:37:24.109+0000] {dagbag.py:540} INFO - Filling up the DagBag from /opt/airflow/dags/dag_etl_service_orders.py
[2026-05-31T13:37:24.150+0000] {processor.py:840} INFO - DAG(s) 'etl_service_orders' retrieved from /opt/airflow/dags/dag_etl_service_orders.py
[2026-05-31T13:37:24.165+0000] {logging_mixin.py:188} INFO - [2026-05-31T13:37:24.165+0000] {dag.py:3096} INFO - Sync 1 DAGs
[2026-05-31T13:37:24.182+0000] {logging_mixin.py:188} INFO - [2026-05-31T13:37:24.182+0000] {dag.py:3954} INFO - Setting next_dagrun for etl_service_orders to 2026-05-31 06:00:00+00:00, run_after=2026-06-01 06:00:00+00:00
[2026-05-31T13:37:24.205+0000] {processor.py:183} INFO - Processing /opt/airflow/dags/dag_etl_service_orders.py took 0.103 seconds
[2026-05-31T13:37:54.975+0000] {processor.py:161} INFO - Started process (PID=2848) to work on /opt/airflow/dags/dag_etl_service_orders.py
[2026-05-31T13:37:54.976+0000] {processor.py:830} INFO - Processing file /opt/airflow/dags/dag_etl_service_orders.py for tasks to queue
[2026-05-31T13:37:54.978+0000] {logging_mixin.py:188} INFO - [2026-05-31T13:37:54.977+0000] {dagbag.py:540} INFO - Filling up the DagBag from /opt/airflow/dags/dag_etl_service_orders.py
[2026-05-31T13:37:55.018+0000] {processor.py:840} INFO - DAG(s) 'etl_service_orders' retrieved from /opt/airflow/dags/dag_etl_service_orders.py
[2026-05-31T13:37:55.034+0000] {logging_mixin.py:188} INFO - [2026-05-31T13:37:55.034+0000] {dag.py:3096} INFO - Sync 1 DAGs
[2026-05-31T13:37:55.054+0000] {logging_mixin.py:188} INFO - [2026-05-31T13:37:55.053+0000] {dag.py:3954} INFO - Setting next_dagrun for etl_service_orders to 2026-05-31 06:00:00+00:00, run_after=2026-06-01 06:00:00+00:00
[2026-05-31T13:37:55.079+0000] {processor.py:183} INFO - Processing /opt/airflow/dags/dag_etl_service_orders.py took 0.109 seconds
[2026-05-31T13:38:25.706+0000] {processor.py:161} INFO - Started process (PID=2907) to work on /opt/airflow/dags/dag_etl_service_orders.py
[2026-05-31T13:38:25.707+0000] {processor.py:830} INFO - Processing file /opt/airflow/dags/dag_etl_service_orders.py for tasks to queue
[2026-05-31T13:38:25.709+0000] {logging_mixin.py:188} INFO - [2026-05-31T13:38:25.709+0000] {dagbag.py:540} INFO - Filling up the DagBag from /opt/airflow/dags/dag_etl_service_orders.py
[2026-05-31T13:38:25.776+0000] {processor.py:840} INFO - DAG(s) 'etl_service_orders' retrieved from /opt/airflow/dags/dag_etl_service_orders.py
[2026-05-31T13:38:25.793+0000] {logging_mixin.py:188} INFO - [2026-05-31T13:38:25.793+0000] {dag.py:3096} INFO - Sync 1 DAGs
[2026-05-31T13:38:25.812+0000] {logging_mixin.py:188} INFO - [2026-05-31T13:38:25.812+0000] {dag.py:3954} INFO - Setting next_dagrun for etl_service_orders to 2026-05-31 06:00:00+00:00, run_after=2026-06-01 06:00:00+00:00
[2026-05-31T13:38:25.829+0000] {processor.py:183} INFO - Processing /opt/airflow/dags/dag_etl_service_orders.py took 0.129 seconds
[2026-05-31T13:38:56.498+0000] {processor.py:161} INFO - Started process (PID=2966) to work on /opt/airflow/dags/dag_etl_service_orders.py
[2026-05-31T13:38:56.499+0000] {processor.py:830} INFO - Processing file /opt/airflow/dags/dag_etl_service_orders.py for tasks to queue
[2026-05-31T13:38:56.501+0000] {logging_mixin.py:188} INFO - [2026-05-31T13:38:56.500+0000] {dagbag.py:540} INFO - Filling up the DagBag from /opt/airflow/dags/dag_etl_service_orders.py
[2026-05-31T13:38:56.558+0000] {processor.py:840} INFO - DAG(s) 'etl_service_orders' retrieved from /opt/airflow/dags/dag_etl_service_orders.py
[2026-05-31T13:38:56.576+0000] {logging_mixin.py:188} INFO - [2026-05-31T13:38:56.576+0000] {dag.py:3096} INFO - Sync 1 DAGs
[2026-05-31T13:38:56.597+0000] {logging_mixin.py:188} INFO - [2026-05-31T13:38:56.597+0000] {dag.py:3954} INFO - Setting next_dagrun for etl_service_orders to 2026-05-31 06:00:00+00:00, run_after=2026-06-01 06:00:00+00:00
[2026-05-31T13:38:56.624+0000] {processor.py:183} INFO - Processing /opt/airflow/dags/dag_etl_service_orders.py took 0.131 seconds
[2026-05-31T13:39:27.252+0000] {processor.py:161} INFO - Started process (PID=3025) to work on /opt/airflow/dags/dag_etl_service_orders.py
[2026-05-31T13:39:27.253+0000] {processor.py:830} INFO - Processing file /opt/airflow/dags/dag_etl_service_orders.py for tasks to queue
[2026-05-31T13:39:27.255+0000] {logging_mixin.py:188} INFO - [2026-05-31T13:39:27.255+0000] {dagbag.py:540} INFO - Filling up the DagBag from /opt/airflow/dags/dag_etl_service_orders.py
[2026-05-31T13:39:27.295+0000] {processor.py:840} INFO - DAG(s) 'etl_service_orders' retrieved from /opt/airflow/dags/dag_etl_service_orders.py
[2026-05-31T13:39:27.312+0000] {logging_mixin.py:188} INFO - [2026-05-31T13:39:27.311+0000] {dag.py:3096} INFO - Sync 1 DAGs
[2026-05-31T13:39:27.328+0000] {logging_mixin.py:188} INFO - [2026-05-31T13:39:27.328+0000] {dag.py:3954} INFO - Setting next_dagrun for etl_service_orders to 2026-05-31 06:00:00+00:00, run_after=2026-06-01 06:00:00+00:00
[2026-05-31T13:39:27.352+0000] {processor.py:183} INFO - Processing /opt/airflow/dags/dag_etl_service_orders.py took 0.104 seconds
[2026-05-31T13:39:58.201+0000] {processor.py:161} INFO - Started process (PID=3090) to work on /opt/airflow/dags/dag_etl_service_orders.py
[2026-05-31T13:39:58.202+0000] {processor.py:830} INFO - Processing file /opt/airflow/dags/dag_etl_service_orders.py for tasks to queue
[2026-05-31T13:39:58.205+0000] {logging_mixin.py:188} INFO - [2026-05-31T13:39:58.204+0000] {dagbag.py:540} INFO - Filling up the DagBag from /opt/airflow/dags/dag_etl_service_orders.py
[2026-05-31T13:39:58.254+0000] {processor.py:840} INFO - DAG(s) 'etl_service_orders' retrieved from /opt/airflow/dags/dag_etl_service_orders.py
[2026-05-31T13:39:58.273+0000] {logging_mixin.py:188} INFO - [2026-05-31T13:39:58.273+0000] {dag.py:3096} INFO - Sync 1 DAGs
[2026-05-31T13:39:58.293+0000] {logging_mixin.py:188} INFO - [2026-05-31T13:39:58.293+0000] {dag.py:3954} INFO - Setting next_dagrun for etl_service_orders to 2026-05-31 06:00:00+00:00, run_after=2026-06-01 06:00:00+00:00
[2026-05-31T13:39:58.323+0000] {processor.py:183} INFO - Processing /opt/airflow/dags/dag_etl_service_orders.py took 0.128 seconds
[2026-05-31T13:40:29.179+0000] {processor.py:161} INFO - Started process (PID=3149) to work on /opt/airflow/dags/dag_etl_service_orders.py
[2026-05-31T13:40:29.180+0000] {processor.py:830} INFO - Processing file /opt/airflow/dags/dag_etl_service_orders.py for tasks to queue
[2026-05-31T13:40:29.182+0000] {logging_mixin.py:188} INFO - [2026-05-31T13:40:29.181+0000] {dagbag.py:540} INFO - Filling up the DagBag from /opt/airflow/dags/dag_etl_service_orders.py
[2026-05-31T13:40:29.227+0000] {processor.py:840} INFO - DAG(s) 'etl_service_orders' retrieved from /opt/airflow/dags/dag_etl_service_orders.py
[2026-05-31T13:40:29.243+0000] {logging_mixin.py:188} INFO - [2026-05-31T13:40:29.243+0000] {dag.py:3096} INFO - Sync 1 DAGs
[2026-05-31T13:40:29.263+0000] {logging_mixin.py:188} INFO - [2026-05-31T13:40:29.263+0000] {dag.py:3954} INFO - Setting next_dagrun for etl_service_orders to 2026-05-31 06:00:00+00:00, run_after=2026-06-01 06:00:00+00:00
[2026-05-31T13:40:29.279+0000] {processor.py:183} INFO - Processing /opt/airflow/dags/dag_etl_service_orders.py took 0.105 seconds
[2026-05-31T13:40:59.533+0000] {processor.py:161} INFO - Started process (PID=3208) to work on /opt/airflow/dags/dag_etl_service_orders.py
[2026-05-31T13:40:59.535+0000] {processor.py:830} INFO - Processing file /opt/airflow/dags/dag_etl_service_orders.py for tasks to queue
[2026-05-31T13:40:59.537+0000] {logging_mixin.py:188} INFO - [2026-05-31T13:40:59.536+0000] {dagbag.py:540} INFO - Filling up the DagBag from /opt/airflow/dags/dag_etl_service_orders.py
[2026-05-31T13:40:59.590+0000] {processor.py:840} INFO - DAG(s) 'etl_service_orders' retrieved from /opt/airflow/dags/dag_etl_service_orders.py
[2026-05-31T13:40:59.608+0000] {logging_mixin.py:188} INFO - [2026-05-31T13:40:59.608+0000] {dag.py:3096} INFO - Sync 1 DAGs
[2026-05-31T13:40:59.630+0000] {logging_mixin.py:188} INFO - [2026-05-31T13:40:59.629+0000] {dag.py:3954} INFO - Setting next_dagrun for etl_service_orders to 2026-05-31 06:00:00+00:00, run_after=2026-06-01 06:00:00+00:00
[2026-05-31T13:40:59.649+0000] {processor.py:183} INFO - Processing /opt/airflow/dags/dag_etl_service_orders.py took 0.122 seconds
[2026-05-31T13:41:30.195+0000] {processor.py:161} INFO - Started process (PID=3267) to work on /opt/airflow/dags/dag_etl_service_orders.py
[2026-05-31T13:41:30.196+0000] {processor.py:830} INFO - Processing file /opt/airflow/dags/dag_etl_service_orders.py for tasks to queue
[2026-05-31T13:41:30.198+0000] {logging_mixin.py:188} INFO - [2026-05-31T13:41:30.198+0000] {dagbag.py:540} INFO - Filling up the DagBag from /opt/airflow/dags/dag_etl_service_orders.py
[2026-05-31T13:41:30.248+0000] {processor.py:840} INFO - DAG(s) 'etl_service_orders' retrieved from /opt/airflow/dags/dag_etl_service_orders.py
[2026-05-31T13:41:30.279+0000] {logging_mixin.py:188} INFO - [2026-05-31T13:41:30.278+0000] {dag.py:3096} INFO - Sync 1 DAGs
[2026-05-31T13:41:30.311+0000] {logging_mixin.py:188} INFO - [2026-05-31T13:41:30.311+0000] {dag.py:3954} INFO - Setting next_dagrun for etl_service_orders to 2026-05-31 06:00:00+00:00, run_after=2026-06-01 06:00:00+00:00
[2026-05-31T13:41:30.337+0000] {processor.py:183} INFO - Processing /opt/airflow/dags/dag_etl_service_orders.py took 0.147 seconds
[2026-05-31T13:42:00.724+0000] {processor.py:161} INFO - Started process (PID=3326) to work on /opt/airflow/dags/dag_etl_service_orders.py
[2026-05-31T13:42:00.725+0000] {processor.py:830} INFO - Processing file /opt/airflow/dags/dag_etl_service_orders.py for tasks to queue
[2026-05-31T13:42:00.727+0000] {logging_mixin.py:188} INFO - [2026-05-31T13:42:00.726+0000] {dagbag.py:540} INFO - Filling up the DagBag from /opt/airflow/dags/dag_etl_service_orders.py
[2026-05-31T13:42:00.770+0000] {processor.py:840} INFO - DAG(s) 'etl_service_orders' retrieved from /opt/airflow/dags/dag_etl_service_orders.py
[2026-05-31T13:42:00.786+0000] {logging_mixin.py:188} INFO - [2026-05-31T13:42:00.785+0000] {dag.py:3096} INFO - Sync 1 DAGs
[2026-05-31T13:42:00.806+0000] {logging_mixin.py:188} INFO - [2026-05-31T13:42:00.805+0000] {dag.py:3954} INFO - Setting next_dagrun for etl_service_orders to 2026-05-31 06:00:00+00:00, run_after=2026-06-01 06:00:00+00:00
[2026-05-31T13:42:00.832+0000] {processor.py:183} INFO - Processing /opt/airflow/dags/dag_etl_service_orders.py took 0.113 seconds
[2026-05-31T13:42:31.242+0000] {processor.py:161} INFO - Started process (PID=3385) to work on /opt/airflow/dags/dag_etl_service_orders.py
[2026-05-31T13:42:31.243+0000] {processor.py:830} INFO - Processing file /opt/airflow/dags/dag_etl_service_orders.py for tasks to queue
[2026-05-31T13:42:31.245+0000] {logging_mixin.py:188} INFO - [2026-05-31T13:42:31.245+0000] {dagbag.py:540} INFO - Filling up the DagBag from /opt/airflow/dags/dag_etl_service_orders.py
[2026-05-31T13:42:31.289+0000] {processor.py:840} INFO - DAG(s) 'etl_service_orders' retrieved from /opt/airflow/dags/dag_etl_service_orders.py
[2026-05-31T13:42:31.306+0000] {logging_mixin.py:188} INFO - [2026-05-31T13:42:31.305+0000] {dag.py:3096} INFO - Sync 1 DAGs
[2026-05-31T13:42:31.328+0000] {logging_mixin.py:188} INFO - [2026-05-31T13:42:31.328+0000] {dag.py:3954} INFO - Setting next_dagrun for etl_service_orders to 2026-05-31 06:00:00+00:00, run_after=2026-06-01 06:00:00+00:00
[2026-05-31T13:42:31.359+0000] {processor.py:183} INFO - Processing /opt/airflow/dags/dag_etl_service_orders.py took 0.122 seconds
[2026-05-31T13:43:01.749+0000] {processor.py:161} INFO - Started process (PID=3444) to work on /opt/airflow/dags/dag_etl_service_orders.py
[2026-05-31T13:43:01.750+0000] {processor.py:830} INFO - Processing file /opt/airflow/dags/dag_etl_service_orders.py for tasks to queue
[2026-05-31T13:43:01.751+0000] {logging_mixin.py:188} INFO - [2026-05-31T13:43:01.751+0000] {dagbag.py:540} INFO - Filling up the DagBag from /opt/airflow/dags/dag_etl_service_orders.py
[2026-05-31T13:43:01.797+0000] {processor.py:840} INFO - DAG(s) 'etl_service_orders' retrieved from /opt/airflow/dags/dag_etl_service_orders.py
[2026-05-31T13:43:01.813+0000] {logging_mixin.py:188} INFO - [2026-05-31T13:43:01.812+0000] {dag.py:3096} INFO - Sync 1 DAGs
[2026-05-31T13:43:01.830+0000] {logging_mixin.py:188} INFO - [2026-05-31T13:43:01.830+0000] {dag.py:3954} INFO - Setting next_dagrun for etl_service_orders to 2026-05-31 06:00:00+00:00, run_after=2026-06-01 06:00:00+00:00
[2026-05-31T13:43:01.854+0000] {processor.py:183} INFO - Processing /opt/airflow/dags/dag_etl_service_orders.py took 0.111 seconds
[2026-05-31T13:43:32.484+0000] {processor.py:161} INFO - Started process (PID=3503) to work on /opt/airflow/dags/dag_etl_service_orders.py
[2026-05-31T13:43:32.485+0000] {processor.py:830} INFO - Processing file /opt/airflow/dags/dag_etl_service_orders.py for tasks to queue
[2026-05-31T13:43:32.488+0000] {logging_mixin.py:188} INFO - [2026-05-31T13:43:32.488+0000] {dagbag.py:540} INFO - Filling up the DagBag from /opt/airflow/dags/dag_etl_service_orders.py
[2026-05-31T13:43:32.540+0000] {processor.py:840} INFO - DAG(s) 'etl_service_orders' retrieved from /opt/airflow/dags/dag_etl_service_orders.py
[2026-05-31T13:43:32.557+0000] {logging_mixin.py:188} INFO - [2026-05-31T13:43:32.557+0000] {dag.py:3096} INFO - Sync 1 DAGs
[2026-05-31T13:43:32.576+0000] {logging_mixin.py:188} INFO - [2026-05-31T13:43:32.575+0000] {dag.py:3954} INFO - Setting next_dagrun for etl_service_orders to 2026-05-31 06:00:00+00:00, run_after=2026-06-01 06:00:00+00:00
[2026-05-31T13:43:32.592+0000] {processor.py:183} INFO - Processing /opt/airflow/dags/dag_etl_service_orders.py took 0.114 seconds
[2026-05-31T13:44:02.693+0000] {processor.py:161} INFO - Started process (PID=3562) to work on /opt/airflow/dags/dag_etl_service_orders.py
[2026-05-31T13:44:02.694+0000] {processor.py:830} INFO - Processing file /opt/airflow/dags/dag_etl_service_orders.py for tasks to queue
[2026-05-31T13:44:02.696+0000] {logging_mixin.py:188} INFO - [2026-05-31T13:44:02.696+0000] {dagbag.py:540} INFO - Filling up the DagBag from /opt/airflow/dags/dag_etl_service_orders.py
[2026-05-31T13:44:02.754+0000] {processor.py:840} INFO - DAG(s) 'etl_service_orders' retrieved from /opt/airflow/dags/dag_etl_service_orders.py
[2026-05-31T13:44:02.775+0000] {logging_mixin.py:188} INFO - [2026-05-31T13:44:02.774+0000] {dag.py:3096} INFO - Sync 1 DAGs
[2026-05-31T13:44:02.798+0000] {logging_mixin.py:188} INFO - [2026-05-31T13:44:02.798+0000] {dag.py:3954} INFO - Setting next_dagrun for etl_service_orders to 2026-05-31 06:00:00+00:00, run_after=2026-06-01 06:00:00+00:00
[2026-05-31T13:44:02.831+0000] {processor.py:183} INFO - Processing /opt/airflow/dags/dag_etl_service_orders.py took 0.144 seconds
[2026-05-31T13:44:33.465+0000] {processor.py:161} INFO - Started process (PID=3621) to work on /opt/airflow/dags/dag_etl_service_orders.py
[2026-05-31T13:44:33.466+0000] {processor.py:830} INFO - Processing file /opt/airflow/dags/dag_etl_service_orders.py for tasks to queue
[2026-05-31T13:44:33.468+0000] {logging_mixin.py:188} INFO - [2026-05-31T13:44:33.468+0000] {dagbag.py:540} INFO - Filling up the DagBag from /opt/airflow/dags/dag_etl_service_orders.py
[2026-05-31T13:44:33.510+0000] {processor.py:840} INFO - DAG(s) 'etl_service_orders' retrieved from /opt/airflow/dags/dag_etl_service_orders.py
[2026-05-31T13:44:33.526+0000] {logging_mixin.py:188} INFO - [2026-05-31T13:44:33.525+0000] {dag.py:3096} INFO - Sync 1 DAGs
[2026-05-31T13:44:33.542+0000] {logging_mixin.py:188} INFO - [2026-05-31T13:44:33.542+0000] {dag.py:3954} INFO - Setting next_dagrun for etl_service_orders to 2026-05-31 06:00:00+00:00, run_after=2026-06-01 06:00:00+00:00
[2026-05-31T13:44:33.558+0000] {processor.py:183} INFO - Processing /opt/airflow/dags/dag_etl_service_orders.py took 0.098 seconds
[2026-05-31T13:45:03.751+0000] {processor.py:161} INFO - Started process (PID=3680) to work on /opt/airflow/dags/dag_etl_service_orders.py
[2026-05-31T13:45:03.752+0000] {processor.py:830} INFO - Processing file /opt/airflow/dags/dag_etl_service_orders.py for tasks to queue
[2026-05-31T13:45:03.753+0000] {logging_mixin.py:188} INFO - [2026-05-31T13:45:03.753+0000] {dagbag.py:540} INFO - Filling up the DagBag from /opt/airflow/dags/dag_etl_service_orders.py
[2026-05-31T13:45:03.797+0000] {processor.py:840} INFO - DAG(s) 'etl_service_orders' retrieved from /opt/airflow/dags/dag_etl_service_orders.py
[2026-05-31T13:45:03.822+0000] {logging_mixin.py:188} INFO - [2026-05-31T13:45:03.821+0000] {dag.py:3096} INFO - Sync 1 DAGs
[2026-05-31T13:45:03.842+0000] {logging_mixin.py:188} INFO - [2026-05-31T13:45:03.842+0000] {dag.py:3954} INFO - Setting next_dagrun for etl_service_orders to 2026-05-31 06:00:00+00:00, run_after=2026-06-01 06:00:00+00:00
[2026-05-31T13:45:03.859+0000] {processor.py:183} INFO - Processing /opt/airflow/dags/dag_etl_service_orders.py took 0.113 seconds
[2026-05-31T13:45:34.069+0000] {processor.py:161} INFO - Started process (PID=3739) to work on /opt/airflow/dags/dag_etl_service_orders.py
[2026-05-31T13:45:34.070+0000] {processor.py:830} INFO - Processing file /opt/airflow/dags/dag_etl_service_orders.py for tasks to queue
[2026-05-31T13:45:34.072+0000] {logging_mixin.py:188} INFO - [2026-05-31T13:45:34.071+0000] {dagbag.py:540} INFO - Filling up the DagBag from /opt/airflow/dags/dag_etl_service_orders.py
[2026-05-31T13:45:34.116+0000] {processor.py:840} INFO - DAG(s) 'etl_service_orders' retrieved from /opt/airflow/dags/dag_etl_service_orders.py
[2026-05-31T13:45:34.131+0000] {logging_mixin.py:188} INFO - [2026-05-31T13:45:34.130+0000] {dag.py:3096} INFO - Sync 1 DAGs
[2026-05-31T13:45:34.147+0000] {logging_mixin.py:188} INFO - [2026-05-31T13:45:34.146+0000] {dag.py:3954} INFO - Setting next_dagrun for etl_service_orders to 2026-05-31 06:00:00+00:00, run_after=2026-06-01 06:00:00+00:00
[2026-05-31T13:45:34.170+0000] {processor.py:183} INFO - Processing /opt/airflow/dags/dag_etl_service_orders.py took 0.106 seconds
[2026-05-31T13:46:04.341+0000] {processor.py:161} INFO - Started process (PID=3798) to work on /opt/airflow/dags/dag_etl_service_orders.py
[2026-05-31T13:46:04.343+0000] {processor.py:830} INFO - Processing file /opt/airflow/dags/dag_etl_service_orders.py for tasks to queue
[2026-05-31T13:46:04.344+0000] {logging_mixin.py:188} INFO - [2026-05-31T13:46:04.344+0000] {dagbag.py:540} INFO - Filling up the DagBag from /opt/airflow/dags/dag_etl_service_orders.py
[2026-05-31T13:46:04.385+0000] {processor.py:840} INFO - DAG(s) 'etl_service_orders' retrieved from /opt/airflow/dags/dag_etl_service_orders.py
[2026-05-31T13:46:04.400+0000] {logging_mixin.py:188} INFO - [2026-05-31T13:46:04.399+0000] {dag.py:3096} INFO - Sync 1 DAGs
[2026-05-31T13:46:04.416+0000] {logging_mixin.py:188} INFO - [2026-05-31T13:46:04.416+0000] {dag.py:3954} INFO - Setting next_dagrun for etl_service_orders to 2026-05-31 06:00:00+00:00, run_after=2026-06-01 06:00:00+00:00
[2026-05-31T13:46:04.431+0000] {processor.py:183} INFO - Processing /opt/airflow/dags/dag_etl_service_orders.py took 0.095 seconds
[2026-05-31T13:46:34.619+0000] {processor.py:161} INFO - Started process (PID=3857) to work on /opt/airflow/dags/dag_etl_service_orders.py
[2026-05-31T13:46:34.620+0000] {processor.py:830} INFO - Processing file /opt/airflow/dags/dag_etl_service_orders.py for tasks to queue
[2026-05-31T13:46:34.621+0000] {logging_mixin.py:188} INFO - [2026-05-31T13:46:34.621+0000] {dagbag.py:540} INFO - Filling up the DagBag from /opt/airflow/dags/dag_etl_service_orders.py
[2026-05-31T13:46:34.660+0000] {processor.py:840} INFO - DAG(s) 'etl_service_orders' retrieved from /opt/airflow/dags/dag_etl_service_orders.py
[2026-05-31T13:46:34.675+0000] {logging_mixin.py:188} INFO - [2026-05-31T13:46:34.675+0000] {dag.py:3096} INFO - Sync 1 DAGs
[2026-05-31T13:46:34.691+0000] {logging_mixin.py:188} INFO - [2026-05-31T13:46:34.690+0000] {dag.py:3954} INFO - Setting next_dagrun for etl_service_orders to 2026-05-31 06:00:00+00:00, run_after=2026-06-01 06:00:00+00:00
[2026-05-31T13:46:34.715+0000] {processor.py:183} INFO - Processing /opt/airflow/dags/dag_etl_service_orders.py took 0.101 seconds
[2026-05-31T13:47:05.158+0000] {processor.py:161} INFO - Started process (PID=3916) to work on /opt/airflow/dags/dag_etl_service_orders.py
[2026-05-31T13:47:05.159+0000] {processor.py:830} INFO - Processing file /opt/airflow/dags/dag_etl_service_orders.py for tasks to queue
[2026-05-31T13:47:05.160+0000] {logging_mixin.py:188} INFO - [2026-05-31T13:47:05.160+0000] {dagbag.py:540} INFO - Filling up the DagBag from /opt/airflow/dags/dag_etl_service_orders.py
[2026-05-31T13:47:05.200+0000] {processor.py:840} INFO - DAG(s) 'etl_service_orders' retrieved from /opt/airflow/dags/dag_etl_service_orders.py
[2026-05-31T13:47:05.215+0000] {logging_mixin.py:188} INFO - [2026-05-31T13:47:05.215+0000] {dag.py:3096} INFO - Sync 1 DAGs
[2026-05-31T13:47:05.231+0000] {logging_mixin.py:188} INFO - [2026-05-31T13:47:05.231+0000] {dag.py:3954} INFO - Setting next_dagrun for etl_service_orders to 2026-05-31 06:00:00+00:00, run_after=2026-06-01 06:00:00+00:00
[2026-05-31T13:47:05.250+0000] {processor.py:183} INFO - Processing /opt/airflow/dags/dag_etl_service_orders.py took 0.097 seconds
[2026-05-31T13:47:35.993+0000] {processor.py:161} INFO - Started process (PID=3975) to work on /opt/airflow/dags/dag_etl_service_orders.py
[2026-05-31T13:47:35.994+0000] {processor.py:830} INFO - Processing file /opt/airflow/dags/dag_etl_service_orders.py for tasks to queue
[2026-05-31T13:47:35.997+0000] {logging_mixin.py:188} INFO - [2026-05-31T13:47:35.996+0000] {dagbag.py:540} INFO - Filling up the DagBag from /opt/airflow/dags/dag_etl_service_orders.py
[2026-05-31T13:47:36.061+0000] {processor.py:840} INFO - DAG(s) 'etl_service_orders' retrieved from /opt/airflow/dags/dag_etl_service_orders.py
[2026-05-31T13:47:36.081+0000] {logging_mixin.py:188} INFO - [2026-05-31T13:47:36.081+0000] {dag.py:3096} INFO - Sync 1 DAGs
[2026-05-31T13:47:36.114+0000] {logging_mixin.py:188} INFO - [2026-05-31T13:47:36.113+0000] {dag.py:3954} INFO - Setting next_dagrun for etl_service_orders to 2026-05-31 06:00:00+00:00, run_after=2026-06-01 06:00:00+00:00
[2026-05-31T13:47:36.135+0000] {processor.py:183} INFO - Processing /opt/airflow/dags/dag_etl_service_orders.py took 0.148 seconds
[2026-05-31T14:07:16.286+0000] {processor.py:161} INFO - Started process (PID=74) to work on /opt/airflow/dags/dag_etl_service_orders.py
[2026-05-31T14:07:16.288+0000] {processor.py:830} INFO - Processing file /opt/airflow/dags/dag_etl_service_orders.py for tasks to queue
[2026-05-31T14:07:16.292+0000] {logging_mixin.py:188} INFO - [2026-05-31T14:07:16.291+0000] {dagbag.py:540} INFO - Filling up the DagBag from /opt/airflow/dags/dag_etl_service_orders.py
[2026-05-31T14:07:16.444+0000] {processor.py:840} INFO - DAG(s) 'etl_service_orders' retrieved from /opt/airflow/dags/dag_etl_service_orders.py
[2026-05-31T14:07:16.735+0000] {logging_mixin.py:188} INFO - [2026-05-31T14:07:16.734+0000] {dag.py:3096} INFO - Sync 1 DAGs
[2026-05-31T14:07:16.767+0000] {logging_mixin.py:188} INFO - [2026-05-31T14:07:16.767+0000] {dag.py:3954} INFO - Setting next_dagrun for etl_service_orders to 2026-05-31 06:00:00+00:00, run_after=2026-06-01 06:00:00+00:00
[2026-05-31T14:07:16.812+0000] {processor.py:183} INFO - Processing /opt/airflow/dags/dag_etl_service_orders.py took 0.531 seconds
[2026-05-31T14:07:47.242+0000] {processor.py:161} INFO - Started process (PID=134) to work on /opt/airflow/dags/dag_etl_service_orders.py
[2026-05-31T14:07:47.243+0000] {processor.py:830} INFO - Processing file /opt/airflow/dags/dag_etl_service_orders.py for tasks to queue
[2026-05-31T14:07:47.245+0000] {logging_mixin.py:188} INFO - [2026-05-31T14:07:47.245+0000] {dagbag.py:540} INFO - Filling up the DagBag from /opt/airflow/dags/dag_etl_service_orders.py
[2026-05-31T14:07:47.288+0000] {processor.py:840} INFO - DAG(s) 'etl_service_orders' retrieved from /opt/airflow/dags/dag_etl_service_orders.py
[2026-05-31T14:07:47.306+0000] {logging_mixin.py:188} INFO - [2026-05-31T14:07:47.305+0000] {dag.py:3096} INFO - Sync 1 DAGs
[2026-05-31T14:07:47.324+0000] {logging_mixin.py:188} INFO - [2026-05-31T14:07:47.324+0000] {dag.py:3954} INFO - Setting next_dagrun for etl_service_orders to 2026-05-31 06:00:00+00:00, run_after=2026-06-01 06:00:00+00:00
[2026-05-31T14:07:47.341+0000] {processor.py:183} INFO - Processing /opt/airflow/dags/dag_etl_service_orders.py took 0.105 seconds
[2026-05-31T14:08:18.142+0000] {processor.py:161} INFO - Started process (PID=205) to work on /opt/airflow/dags/dag_etl_service_orders.py
[2026-05-31T14:08:18.144+0000] {processor.py:830} INFO - Processing file /opt/airflow/dags/dag_etl_service_orders.py for tasks to queue
[2026-05-31T14:08:18.146+0000] {logging_mixin.py:188} INFO - [2026-05-31T14:08:18.146+0000] {dagbag.py:540} INFO - Filling up the DagBag from /opt/airflow/dags/dag_etl_service_orders.py
[2026-05-31T14:08:18.201+0000] {processor.py:840} INFO - DAG(s) 'etl_service_orders' retrieved from /opt/airflow/dags/dag_etl_service_orders.py
[2026-05-31T14:08:18.227+0000] {logging_mixin.py:188} INFO - [2026-05-31T14:08:18.226+0000] {dag.py:3096} INFO - Sync 1 DAGs
[2026-05-31T14:08:18.263+0000] {logging_mixin.py:188} INFO - [2026-05-31T14:08:18.263+0000] {dag.py:3954} INFO - Setting next_dagrun for etl_service_orders to 2026-05-31 06:00:00+00:00, run_after=2026-06-01 06:00:00+00:00
[2026-05-31T14:08:18.286+0000] {processor.py:183} INFO - Processing /opt/airflow/dags/dag_etl_service_orders.py took 0.151 seconds
[2026-05-31T14:08:48.682+0000] {processor.py:161} INFO - Started process (PID=264) to work on /opt/airflow/dags/dag_etl_service_orders.py
[2026-05-31T14:08:48.683+0000] {processor.py:830} INFO - Processing file /opt/airflow/dags/dag_etl_service_orders.py for tasks to queue
[2026-05-31T14:08:48.685+0000] {logging_mixin.py:188} INFO - [2026-05-31T14:08:48.685+0000] {dagbag.py:540} INFO - Filling up the DagBag from /opt/airflow/dags/dag_etl_service_orders.py
[2026-05-31T14:08:48.743+0000] {processor.py:840} INFO - DAG(s) 'etl_service_orders' retrieved from /opt/airflow/dags/dag_etl_service_orders.py
[2026-05-31T14:08:48.767+0000] {logging_mixin.py:188} INFO - [2026-05-31T14:08:48.767+0000] {dag.py:3096} INFO - Sync 1 DAGs
[2026-05-31T14:08:48.789+0000] {logging_mixin.py:188} INFO - [2026-05-31T14:08:48.789+0000] {dag.py:3954} INFO - Setting next_dagrun for etl_service_orders to 2026-05-31 06:00:00+00:00, run_after=2026-06-01 06:00:00+00:00
[2026-05-31T14:08:48.812+0000] {processor.py:183} INFO - Processing /opt/airflow/dags/dag_etl_service_orders.py took 0.136 seconds
[2026-05-31T14:09:18.847+0000] {processor.py:161} INFO - Started process (PID=323) to work on /opt/airflow/dags/dag_etl_service_orders.py
[2026-05-31T14:09:18.848+0000] {processor.py:830} INFO - Processing file /opt/airflow/dags/dag_etl_service_orders.py for tasks to queue
[2026-05-31T14:09:18.850+0000] {logging_mixin.py:188} INFO - [2026-05-31T14:09:18.849+0000] {dagbag.py:540} INFO - Filling up the DagBag from /opt/airflow/dags/dag_etl_service_orders.py
[2026-05-31T14:09:18.897+0000] {processor.py:840} INFO - DAG(s) 'etl_service_orders' retrieved from /opt/airflow/dags/dag_etl_service_orders.py
[2026-05-31T14:09:18.915+0000] {logging_mixin.py:188} INFO - [2026-05-31T14:09:18.914+0000] {dag.py:3096} INFO - Sync 1 DAGs
[2026-05-31T14:09:18.936+0000] {logging_mixin.py:188} INFO - [2026-05-31T14:09:18.936+0000] {dag.py:3954} INFO - Setting next_dagrun for etl_service_orders to 2026-05-31 06:00:00+00:00, run_after=2026-06-01 06:00:00+00:00
[2026-05-31T14:09:18.953+0000] {processor.py:183} INFO - Processing /opt/airflow/dags/dag_etl_service_orders.py took 0.112 seconds
[2026-05-31T14:09:49.817+0000] {processor.py:161} INFO - Started process (PID=383) to work on /opt/airflow/dags/dag_etl_service_orders.py
[2026-05-31T14:09:49.817+0000] {processor.py:830} INFO - Processing file /opt/airflow/dags/dag_etl_service_orders.py for tasks to queue
[2026-05-31T14:09:49.820+0000] {logging_mixin.py:188} INFO - [2026-05-31T14:09:49.820+0000] {dagbag.py:540} INFO - Filling up the DagBag from /opt/airflow/dags/dag_etl_service_orders.py
[2026-05-31T14:09:49.878+0000] {processor.py:840} INFO - DAG(s) 'etl_service_orders' retrieved from /opt/airflow/dags/dag_etl_service_orders.py
[2026-05-31T14:09:49.897+0000] {logging_mixin.py:188} INFO - [2026-05-31T14:09:49.896+0000] {dag.py:3096} INFO - Sync 1 DAGs
[2026-05-31T14:09:49.931+0000] {logging_mixin.py:188} INFO - [2026-05-31T14:09:49.931+0000] {dag.py:3954} INFO - Setting next_dagrun for etl_service_orders to 2026-05-31 06:00:00+00:00, run_after=2026-06-01 06:00:00+00:00
[2026-05-31T14:09:49.955+0000] {processor.py:183} INFO - Processing /opt/airflow/dags/dag_etl_service_orders.py took 0.145 seconds
[2026-05-31T14:10:20.100+0000] {processor.py:161} INFO - Started process (PID=442) to work on /opt/airflow/dags/dag_etl_service_orders.py
[2026-05-31T14:10:20.102+0000] {processor.py:830} INFO - Processing file /opt/airflow/dags/dag_etl_service_orders.py for tasks to queue
[2026-05-31T14:10:20.103+0000] {logging_mixin.py:188} INFO - [2026-05-31T14:10:20.103+0000] {dagbag.py:540} INFO - Filling up the DagBag from /opt/airflow/dags/dag_etl_service_orders.py
[2026-05-31T14:10:20.155+0000] {processor.py:840} INFO - DAG(s) 'etl_service_orders' retrieved from /opt/airflow/dags/dag_etl_service_orders.py
[2026-05-31T14:10:20.172+0000] {logging_mixin.py:188} INFO - [2026-05-31T14:10:20.171+0000] {dag.py:3096} INFO - Sync 1 DAGs
[2026-05-31T14:10:20.191+0000] {logging_mixin.py:188} INFO - [2026-05-31T14:10:20.191+0000] {dag.py:3954} INFO - Setting next_dagrun for etl_service_orders to 2026-05-31 06:00:00+00:00, run_after=2026-06-01 06:00:00+00:00
[2026-05-31T14:10:20.208+0000] {processor.py:183} INFO - Processing /opt/airflow/dags/dag_etl_service_orders.py took 0.112 seconds
[2026-05-31T14:10:50.334+0000] {processor.py:161} INFO - Started process (PID=501) to work on /opt/airflow/dags/dag_etl_service_orders.py
[2026-05-31T14:10:50.335+0000] {processor.py:830} INFO - Processing file /opt/airflow/dags/dag_etl_service_orders.py for tasks to queue
[2026-05-31T14:10:50.337+0000] {logging_mixin.py:188} INFO - [2026-05-31T14:10:50.337+0000] {dagbag.py:540} INFO - Filling up the DagBag from /opt/airflow/dags/dag_etl_service_orders.py
[2026-05-31T14:10:50.380+0000] {processor.py:840} INFO - DAG(s) 'etl_service_orders' retrieved from /opt/airflow/dags/dag_etl_service_orders.py
[2026-05-31T14:10:50.397+0000] {logging_mixin.py:188} INFO - [2026-05-31T14:10:50.397+0000] {dag.py:3096} INFO - Sync 1 DAGs
[2026-05-31T14:10:50.419+0000] {logging_mixin.py:188} INFO - [2026-05-31T14:10:50.419+0000] {dag.py:3954} INFO - Setting next_dagrun for etl_service_orders to 2026-05-31 06:00:00+00:00, run_after=2026-06-01 06:00:00+00:00
[2026-05-31T14:10:50.438+0000] {processor.py:183} INFO - Processing /opt/airflow/dags/dag_etl_service_orders.py took 0.108 seconds
[2026-05-31T14:11:20.536+0000] {processor.py:161} INFO - Started process (PID=560) to work on /opt/airflow/dags/dag_etl_service_orders.py
[2026-05-31T14:11:20.537+0000] {processor.py:830} INFO - Processing file /opt/airflow/dags/dag_etl_service_orders.py for tasks to queue
[2026-05-31T14:11:20.539+0000] {logging_mixin.py:188} INFO - [2026-05-31T14:11:20.539+0000] {dagbag.py:540} INFO - Filling up the DagBag from /opt/airflow/dags/dag_etl_service_orders.py
[2026-05-31T14:11:20.601+0000] {processor.py:840} INFO - DAG(s) 'etl_service_orders' retrieved from /opt/airflow/dags/dag_etl_service_orders.py
[2026-05-31T14:11:20.622+0000] {logging_mixin.py:188} INFO - [2026-05-31T14:11:20.621+0000] {dag.py:3096} INFO - Sync 1 DAGs
[2026-05-31T14:11:20.650+0000] {logging_mixin.py:188} INFO - [2026-05-31T14:11:20.649+0000] {dag.py:3954} INFO - Setting next_dagrun for etl_service_orders to 2026-05-31 06:00:00+00:00, run_after=2026-06-01 06:00:00+00:00
[2026-05-31T14:11:20.679+0000] {processor.py:183} INFO - Processing /opt/airflow/dags/dag_etl_service_orders.py took 0.151 seconds
[2026-05-31T14:11:51.085+0000] {processor.py:161} INFO - Started process (PID=619) to work on /opt/airflow/dags/dag_etl_service_orders.py
[2026-05-31T14:11:51.086+0000] {processor.py:830} INFO - Processing file /opt/airflow/dags/dag_etl_service_orders.py for tasks to queue
[2026-05-31T14:11:51.088+0000] {logging_mixin.py:188} INFO - [2026-05-31T14:11:51.088+0000] {dagbag.py:540} INFO - Filling up the DagBag from /opt/airflow/dags/dag_etl_service_orders.py
[2026-05-31T14:11:51.156+0000] {processor.py:840} INFO - DAG(s) 'etl_service_orders' retrieved from /opt/airflow/dags/dag_etl_service_orders.py
[2026-05-31T14:11:51.177+0000] {logging_mixin.py:188} INFO - [2026-05-31T14:11:51.177+0000] {dag.py:3096} INFO - Sync 1 DAGs
[2026-05-31T14:11:51.348+0000] {logging_mixin.py:188} INFO - [2026-05-31T14:11:51.348+0000] {dag.py:3954} INFO - Setting next_dagrun for etl_service_orders to 2026-05-31 06:00:00+00:00, run_after=2026-06-01 06:00:00+00:00
[2026-05-31T14:11:51.370+0000] {processor.py:183} INFO - Processing /opt/airflow/dags/dag_etl_service_orders.py took 0.289 seconds
[2026-05-31T14:12:22.045+0000] {processor.py:161} INFO - Started process (PID=678) to work on /opt/airflow/dags/dag_etl_service_orders.py
[2026-05-31T14:12:22.046+0000] {processor.py:830} INFO - Processing file /opt/airflow/dags/dag_etl_service_orders.py for tasks to queue
[2026-05-31T14:12:22.048+0000] {logging_mixin.py:188} INFO - [2026-05-31T14:12:22.048+0000] {dagbag.py:540} INFO - Filling up the DagBag from /opt/airflow/dags/dag_etl_service_orders.py
[2026-05-31T14:12:22.092+0000] {processor.py:840} INFO - DAG(s) 'etl_service_orders' retrieved from /opt/airflow/dags/dag_etl_service_orders.py
[2026-05-31T14:12:22.109+0000] {logging_mixin.py:188} INFO - [2026-05-31T14:12:22.108+0000] {dag.py:3096} INFO - Sync 1 DAGs
[2026-05-31T14:12:22.131+0000] {logging_mixin.py:188} INFO - [2026-05-31T14:12:22.131+0000] {dag.py:3954} INFO - Setting next_dagrun for etl_service_orders to 2026-05-31 06:00:00+00:00, run_after=2026-06-01 06:00:00+00:00
[2026-05-31T14:12:22.289+0000] {processor.py:183} INFO - Processing /opt/airflow/dags/dag_etl_service_orders.py took 0.248 seconds
[2026-05-31T14:12:53.028+0000] {processor.py:161} INFO - Started process (PID=737) to work on /opt/airflow/dags/dag_etl_service_orders.py
[2026-05-31T14:12:53.028+0000] {processor.py:830} INFO - Processing file /opt/airflow/dags/dag_etl_service_orders.py for tasks to queue
[2026-05-31T14:12:53.030+0000] {logging_mixin.py:188} INFO - [2026-05-31T14:12:53.030+0000] {dagbag.py:540} INFO - Filling up the DagBag from /opt/airflow/dags/dag_etl_service_orders.py
[2026-05-31T14:12:53.077+0000] {processor.py:840} INFO - DAG(s) 'etl_service_orders' retrieved from /opt/airflow/dags/dag_etl_service_orders.py
[2026-05-31T14:12:53.105+0000] {logging_mixin.py:188} INFO - [2026-05-31T14:12:53.105+0000] {dag.py:3096} INFO - Sync 1 DAGs
[2026-05-31T14:12:53.128+0000] {logging_mixin.py:188} INFO - [2026-05-31T14:12:53.127+0000] {dag.py:3954} INFO - Setting next_dagrun for etl_service_orders to 2026-05-31 06:00:00+00:00, run_after=2026-06-01 06:00:00+00:00
[2026-05-31T14:12:53.151+0000] {processor.py:183} INFO - Processing /opt/airflow/dags/dag_etl_service_orders.py took 0.128 seconds
[2026-05-31T14:13:23.840+0000] {processor.py:161} INFO - Started process (PID=796) to work on /opt/airflow/dags/dag_etl_service_orders.py
[2026-05-31T14:13:23.841+0000] {processor.py:830} INFO - Processing file /opt/airflow/dags/dag_etl_service_orders.py for tasks to queue
[2026-05-31T14:13:23.843+0000] {logging_mixin.py:188} INFO - [2026-05-31T14:13:23.843+0000] {dagbag.py:540} INFO - Filling up the DagBag from /opt/airflow/dags/dag_etl_service_orders.py
[2026-05-31T14:13:23.888+0000] {processor.py:840} INFO - DAG(s) 'etl_service_orders' retrieved from /opt/airflow/dags/dag_etl_service_orders.py
[2026-05-31T14:13:23.904+0000] {logging_mixin.py:188} INFO - [2026-05-31T14:13:23.904+0000] {dag.py:3096} INFO - Sync 1 DAGs
[2026-05-31T14:13:23.924+0000] {logging_mixin.py:188} INFO - [2026-05-31T14:13:23.924+0000] {dag.py:3954} INFO - Setting next_dagrun for etl_service_orders to 2026-05-31 06:00:00+00:00, run_after=2026-06-01 06:00:00+00:00
[2026-05-31T14:13:23.941+0000] {processor.py:183} INFO - Processing /opt/airflow/dags/dag_etl_service_orders.py took 0.105 seconds
