[2026-06-02T08:46:45.155+0000] {local_task_job_runner.py:120} INFO - ::group::Pre task execution logs
[2026-06-02T08:46:45.171+0000] {taskinstance.py:2073} INFO - Dependencies all met for dep_context=non-requeueable deps ti=<TaskInstance: etl_service_orders.load_orders_summary manual__2026-06-02T08:46:40.688449+00:00 [queued]>
[2026-06-02T08:46:45.178+0000] {taskinstance.py:2073} INFO - Dependencies all met for dep_context=requeueable deps ti=<TaskInstance: etl_service_orders.load_orders_summary manual__2026-06-02T08:46:40.688449+00:00 [queued]>
[2026-06-02T08:46:45.178+0000] {taskinstance.py:2303} INFO - Starting attempt 1 of 2
[2026-06-02T08:46:45.192+0000] {taskinstance.py:2327} INFO - Executing <Task(PythonOperator): load_orders_summary> on 2026-06-02 08:46:40.688449+00:00
[2026-06-02T08:46:45.198+0000] {warnings.py:110} WARNING - /home/***/.local/lib/python3.12/site-packages/***/task/task_runner/standard_task_runner.py:61: DeprecationWarning: This process (pid=3825) is multi-threaded, use of fork() may lead to deadlocks in the child.
  pid = os.fork()

[2026-06-02T08:46:45.200+0000] {standard_task_runner.py:63} INFO - Started process 3830 to run task
[2026-06-02T08:46:45.200+0000] {standard_task_runner.py:90} INFO - Running: ['***', 'tasks', 'run', 'etl_service_orders', 'load_orders_summary', 'manual__2026-06-02T08:46:40.688449+00:00', '--job-id', '52', '--raw', '--subdir', 'DAGS_FOLDER/dag_etl_service_orders.py', '--cfg-path', '/tmp/tmp9xyw2yb1']
[2026-06-02T08:46:45.206+0000] {standard_task_runner.py:91} INFO - Job 52: Subtask load_orders_summary
[2026-06-02T08:46:45.249+0000] {task_command.py:426} INFO - Running <TaskInstance: etl_service_orders.load_orders_summary manual__2026-06-02T08:46:40.688449+00:00 [running]> on host aaefc8d178d5
[2026-06-02T08:46:45.320+0000] {taskinstance.py:2644} INFO - Exporting env vars: AIRFLOW_CTX_DAG_OWNER='svc_orders' AIRFLOW_CTX_DAG_ID='etl_service_orders' AIRFLOW_CTX_TASK_ID='load_orders_summary' AIRFLOW_CTX_EXECUTION_DATE='2026-06-02T08:46:40.688449+00:00' AIRFLOW_CTX_TRY_NUMBER='1' AIRFLOW_CTX_DAG_RUN_ID='manual__2026-06-02T08:46:40.688449+00:00'
[2026-06-02T08:46:45.322+0000] {taskinstance.py:430} INFO - ::endgroup::
[2026-06-02T08:46:45.370+0000] {dag_etl_service_orders.py:69} INFO - Loading DWH_ORDERS_SUMMARY...
[2026-06-02T08:46:45.420+0000] {dag_etl_service_orders.py:103} INFO - DWH_ORDERS_SUMMARY loaded: 10 rows
[2026-06-02T08:46:45.422+0000] {python.py:237} INFO - Done. Returned value was: None
[2026-06-02T08:46:45.423+0000] {taskinstance.py:441} INFO - ::group::Post task execution logs
[2026-06-02T08:46:45.431+0000] {taskinstance.py:1205} INFO - Marking task as SUCCESS. dag_id=etl_service_orders, task_id=load_orders_summary, execution_date=20260602T084640, start_date=20260602T084645, end_date=20260602T084645
[2026-06-02T08:46:45.455+0000] {local_task_job_runner.py:240} INFO - Task exited with return code 0
[2026-06-02T08:46:45.474+0000] {taskinstance.py:3482} INFO - 0 downstream tasks scheduled from follow-on schedule check
[2026-06-02T08:46:45.476+0000] {local_task_job_runner.py:222} INFO - ::endgroup::
