[2026-06-02T08:46:45.690+0000] {local_task_job_runner.py:120} INFO - ::group::Pre task execution logs
[2026-06-02T08:46:45.706+0000] {taskinstance.py:2073} INFO - Dependencies all met for dep_context=non-requeueable deps ti=<TaskInstance: etl_service_orders.load_customer_analysis manual__2026-06-02T08:46:40.688449+00:00 [queued]>
[2026-06-02T08:46:45.712+0000] {taskinstance.py:2073} INFO - Dependencies all met for dep_context=requeueable deps ti=<TaskInstance: etl_service_orders.load_customer_analysis manual__2026-06-02T08:46:40.688449+00:00 [queued]>
[2026-06-02T08:46:45.713+0000] {taskinstance.py:2303} INFO - Starting attempt 1 of 2
[2026-06-02T08:46:45.722+0000] {taskinstance.py:2327} INFO - Executing <Task(PythonOperator): load_customer_analysis> on 2026-06-02 08:46:40.688449+00:00
[2026-06-02T08:46:45.729+0000] {warnings.py:110} WARNING - /home/***/.local/lib/python3.12/site-packages/***/task/task_runner/standard_task_runner.py:61: DeprecationWarning: This process (pid=3826) is multi-threaded, use of fork() may lead to deadlocks in the child.
  pid = os.fork()

[2026-06-02T08:46:45.731+0000] {standard_task_runner.py:63} INFO - Started process 3832 to run task
[2026-06-02T08:46:45.730+0000] {standard_task_runner.py:90} INFO - Running: ['***', 'tasks', 'run', 'etl_service_orders', 'load_customer_analysis', 'manual__2026-06-02T08:46:40.688449+00:00', '--job-id', '53', '--raw', '--subdir', 'DAGS_FOLDER/dag_etl_service_orders.py', '--cfg-path', '/tmp/tmpn3i4wyl4']
[2026-06-02T08:46:45.732+0000] {standard_task_runner.py:91} INFO - Job 53: Subtask load_customer_analysis
[2026-06-02T08:46:45.765+0000] {task_command.py:426} INFO - Running <TaskInstance: etl_service_orders.load_customer_analysis manual__2026-06-02T08:46:40.688449+00:00 [running]> on host aaefc8d178d5
[2026-06-02T08:46:45.828+0000] {taskinstance.py:2644} INFO - Exporting env vars: AIRFLOW_CTX_DAG_OWNER='svc_orders' AIRFLOW_CTX_DAG_ID='etl_service_orders' AIRFLOW_CTX_TASK_ID='load_customer_analysis' AIRFLOW_CTX_EXECUTION_DATE='2026-06-02T08:46:40.688449+00:00' AIRFLOW_CTX_TRY_NUMBER='1' AIRFLOW_CTX_DAG_RUN_ID='manual__2026-06-02T08:46:40.688449+00:00'
[2026-06-02T08:46:45.830+0000] {taskinstance.py:430} INFO - ::endgroup::
[2026-06-02T08:46:45.880+0000] {dag_etl_service_orders.py:155} INFO - Loading DWH_CUSTOMER_ANALYSIS...
[2026-06-02T08:46:45.920+0000] {dag_etl_service_orders.py:184} INFO - DWH_CUSTOMER_ANALYSIS loaded: 8 rows
[2026-06-02T08:46:45.922+0000] {python.py:237} INFO - Done. Returned value was: None
[2026-06-02T08:46:45.923+0000] {taskinstance.py:441} INFO - ::group::Post task execution logs
[2026-06-02T08:46:45.930+0000] {taskinstance.py:1205} INFO - Marking task as SUCCESS. dag_id=etl_service_orders, task_id=load_customer_analysis, execution_date=20260602T084640, start_date=20260602T084645, end_date=20260602T084645
[2026-06-02T08:46:45.945+0000] {local_task_job_runner.py:240} INFO - Task exited with return code 0
[2026-06-02T08:46:45.958+0000] {taskinstance.py:3482} INFO - 0 downstream tasks scheduled from follow-on schedule check
[2026-06-02T08:46:45.960+0000] {local_task_job_runner.py:222} INFO - ::endgroup::
