[2026-06-02T10:05:38.262+0000] {local_task_job_runner.py:120} INFO - ::group::Pre task execution logs
[2026-06-02T10:05:38.280+0000] {taskinstance.py:2073} INFO - Dependencies all met for dep_context=non-requeueable deps ti=<TaskInstance: etl_dbt_service_orders.dbt_run manual__2026-06-02T10:05:33.458560+00:00 [queued]>
[2026-06-02T10:05:38.286+0000] {taskinstance.py:2073} INFO - Dependencies all met for dep_context=requeueable deps ti=<TaskInstance: etl_dbt_service_orders.dbt_run manual__2026-06-02T10:05:33.458560+00:00 [queued]>
[2026-06-02T10:05:38.287+0000] {taskinstance.py:2303} INFO - Starting attempt 1 of 2
[2026-06-02T10:05:38.297+0000] {taskinstance.py:2327} INFO - Executing <Task(BashOperator): dbt_run> on 2026-06-02 10:05:33.458560+00:00
[2026-06-02T10:05:38.304+0000] {warnings.py:110} WARNING - /home/***/.local/lib/python3.12/site-packages/***/task/task_runner/standard_task_runner.py:61: DeprecationWarning: This process (pid=220) is multi-threaded, use of fork() may lead to deadlocks in the child.
  pid = os.fork()

[2026-06-02T10:05:38.306+0000] {standard_task_runner.py:63} INFO - Started process 225 to run task
[2026-06-02T10:05:38.306+0000] {standard_task_runner.py:90} INFO - Running: ['***', 'tasks', 'run', 'etl_dbt_service_orders', 'dbt_run', 'manual__2026-06-02T10:05:33.458560+00:00', '--job-id', '13', '--raw', '--subdir', 'DAGS_FOLDER/dag_etl_dbt_service_orders.py', '--cfg-path', '/tmp/tmpll7tv1jp']
[2026-06-02T10:05:38.308+0000] {standard_task_runner.py:91} INFO - Job 13: Subtask dbt_run
[2026-06-02T10:05:38.346+0000] {task_command.py:426} INFO - Running <TaskInstance: etl_dbt_service_orders.dbt_run manual__2026-06-02T10:05:33.458560+00:00 [running]> on host 7284cdb9ebc5
[2026-06-02T10:05:38.407+0000] {taskinstance.py:2644} INFO - Exporting env vars: AIRFLOW_CTX_DAG_OWNER='svc_orders' AIRFLOW_CTX_DAG_ID='etl_dbt_service_orders' AIRFLOW_CTX_TASK_ID='dbt_run' AIRFLOW_CTX_EXECUTION_DATE='2026-06-02T10:05:33.458560+00:00' AIRFLOW_CTX_TRY_NUMBER='1' AIRFLOW_CTX_DAG_RUN_ID='manual__2026-06-02T10:05:33.458560+00:00'
[2026-06-02T10:05:38.409+0000] {taskinstance.py:430} INFO - ::endgroup::
[2026-06-02T10:05:38.410+0000] {subprocess.py:63} INFO - Tmp dir root location: /tmp
[2026-06-02T10:05:38.411+0000] {subprocess.py:75} INFO - Running command: ['/usr/bin/bash', '-c', 'cd /opt/***/dbt && dbt run --profiles-dir /opt/***/dbt']
[2026-06-02T10:05:38.424+0000] {subprocess.py:86} INFO - Output:
[2026-06-02T10:05:40.595+0000] {subprocess.py:93} INFO - [0m10:05:40  Running with dbt=1.8.8
[2026-06-02T10:05:40.660+0000] {subprocess.py:93} INFO - [0m10:05:40  oracle adapter: Running in thin mode
[2026-06-02T10:05:40.716+0000] {subprocess.py:93} INFO - [0m10:05:40  Encountered an error:
[2026-06-02T10:05:40.717+0000] {subprocess.py:93} INFO - Runtime Error
[2026-06-02T10:05:40.718+0000] {subprocess.py:93} INFO -   at path ['threads']: '4s' is not of type 'integer'
[2026-06-02T10:05:41.738+0000] {subprocess.py:97} INFO - Command exited with return code 2
[2026-06-02T10:05:41.739+0000] {taskinstance.py:441} INFO - ::group::Post task execution logs
[2026-06-02T10:05:41.749+0000] {taskinstance.py:2890} ERROR - Task failed with exception
Traceback (most recent call last):
  File "/home/airflow/.local/lib/python3.12/site-packages/airflow/models/taskinstance.py", line 465, in _execute_task
    result = _execute_callable(context=context, **execute_callable_kwargs)
             ^^^^^^^^^^^^^^^^^^^^^^^^^^^^^^^^^^^^^^^^^^^^^^^^^^^^^^^^^^^^^
  File "/home/airflow/.local/lib/python3.12/site-packages/airflow/models/taskinstance.py", line 432, in _execute_callable
    return execute_callable(context=context, **execute_callable_kwargs)
           ^^^^^^^^^^^^^^^^^^^^^^^^^^^^^^^^^^^^^^^^^^^^^^^^^^^^^^^^^^^^
  File "/home/airflow/.local/lib/python3.12/site-packages/airflow/models/baseoperator.py", line 400, in wrapper
    return func(self, *args, **kwargs)
           ^^^^^^^^^^^^^^^^^^^^^^^^^^^
  File "/home/airflow/.local/lib/python3.12/site-packages/airflow/operators/bash.py", line 243, in execute
    raise AirflowException(
airflow.exceptions.AirflowException: Bash command failed. The command returned a non-zero exit code 2.
[2026-06-02T10:05:41.759+0000] {taskinstance.py:1205} INFO - Marking task as UP_FOR_RETRY. dag_id=etl_dbt_service_orders, task_id=dbt_run, execution_date=20260602T100533, start_date=20260602T100538, end_date=20260602T100541
[2026-06-02T10:05:41.775+0000] {standard_task_runner.py:110} ERROR - Failed to execute job 13 for task dbt_run (Bash command failed. The command returned a non-zero exit code 2.; 225)
[2026-06-02T10:05:41.815+0000] {local_task_job_runner.py:240} INFO - Task exited with return code 1
[2026-06-02T10:05:41.834+0000] {taskinstance.py:3482} INFO - 0 downstream tasks scheduled from follow-on schedule check
[2026-06-02T10:05:41.836+0000] {local_task_job_runner.py:222} INFO - ::endgroup::
