[2026-05-31T14:17:13.645+0000] {local_task_job_runner.py:120} INFO - ::group::Pre task execution logs
[2026-05-31T14:17:13.665+0000] {taskinstance.py:2073} INFO - Dependencies all met for dep_context=non-requeueable deps ti=<TaskInstance: etl_service_orders.load_orders_summary manual__2026-05-31T14:17:08.892379+00:00 [queued]>
[2026-05-31T14:17:13.674+0000] {taskinstance.py:2073} INFO - Dependencies all met for dep_context=requeueable deps ti=<TaskInstance: etl_service_orders.load_orders_summary manual__2026-05-31T14:17:08.892379+00:00 [queued]>
[2026-05-31T14:17:13.675+0000] {taskinstance.py:2303} INFO - Starting attempt 1 of 2
[2026-05-31T14:17:13.689+0000] {taskinstance.py:2327} INFO - Executing <Task(PythonOperator): load_orders_summary> on 2026-05-31 14:17:08.892379+00:00
[2026-05-31T14:17:13.697+0000] {warnings.py:110} WARNING - /home/***/.local/lib/python3.12/site-packages/***/task/task_runner/standard_task_runner.py:61: DeprecationWarning: This process (pid=232) is multi-threaded, use of fork() may lead to deadlocks in the child.
  pid = os.fork()

[2026-05-31T14:17:13.699+0000] {standard_task_runner.py:63} INFO - Started process 237 to run task
[2026-05-31T14:17:13.698+0000] {standard_task_runner.py:90} INFO - Running: ['***', 'tasks', 'run', 'etl_service_orders', 'load_orders_summary', 'manual__2026-05-31T14:17:08.892379+00:00', '--job-id', '23', '--raw', '--subdir', 'DAGS_FOLDER/dag_etl_service_orders.py', '--cfg-path', '/tmp/tmptb405_jz']
[2026-05-31T14:17:13.702+0000] {standard_task_runner.py:91} INFO - Job 23: Subtask load_orders_summary
[2026-05-31T14:17:13.748+0000] {task_command.py:426} INFO - Running <TaskInstance: etl_service_orders.load_orders_summary manual__2026-05-31T14:17:08.892379+00:00 [running]> on host d9d61125ccd9
[2026-05-31T14:17:13.832+0000] {taskinstance.py:2644} INFO - Exporting env vars: AIRFLOW_CTX_DAG_OWNER='svc_orders' AIRFLOW_CTX_DAG_ID='etl_service_orders' AIRFLOW_CTX_TASK_ID='load_orders_summary' AIRFLOW_CTX_EXECUTION_DATE='2026-05-31T14:17:08.892379+00:00' AIRFLOW_CTX_TRY_NUMBER='1' AIRFLOW_CTX_DAG_RUN_ID='manual__2026-05-31T14:17:08.892379+00:00'
[2026-05-31T14:17:13.835+0000] {taskinstance.py:430} INFO - ::endgroup::
[2026-05-31T14:17:13.931+0000] {dag_etl_service_orders.py:69} INFO - Loading DWH_ORDERS_SUMMARY...
[2026-05-31T14:17:13.984+0000] {dag_etl_service_orders.py:103} INFO - DWH_ORDERS_SUMMARY loaded: 10 rows
[2026-05-31T14:17:13.987+0000] {python.py:237} INFO - Done. Returned value was: None
[2026-05-31T14:17:13.988+0000] {taskinstance.py:441} INFO - ::group::Post task execution logs
[2026-05-31T14:17:13.995+0000] {taskinstance.py:1205} INFO - Marking task as SUCCESS. dag_id=etl_service_orders, task_id=load_orders_summary, execution_date=20260531T141708, start_date=20260531T141713, end_date=20260531T141713
[2026-05-31T14:17:14.034+0000] {local_task_job_runner.py:240} INFO - Task exited with return code 0
[2026-05-31T14:17:14.047+0000] {taskinstance.py:3482} INFO - 0 downstream tasks scheduled from follow-on schedule check
[2026-05-31T14:17:14.049+0000] {local_task_job_runner.py:222} INFO - ::endgroup::
