[2026-06-02T10:07:19.881+0000] {local_task_job_runner.py:120} INFO - ::group::Pre task execution logs
[2026-06-02T10:07:19.900+0000] {taskinstance.py:2073} INFO - Dependencies all met for dep_context=non-requeueable deps ti=<TaskInstance: etl_dbt_service_orders.dbt_run manual__2026-06-02T10:07:15.958718+00:00 [queued]>
[2026-06-02T10:07:19.907+0000] {taskinstance.py:2073} INFO - Dependencies all met for dep_context=requeueable deps ti=<TaskInstance: etl_dbt_service_orders.dbt_run manual__2026-06-02T10:07:15.958718+00:00 [queued]>
[2026-06-02T10:07:19.907+0000] {taskinstance.py:2303} INFO - Starting attempt 1 of 2
[2026-06-02T10:07:19.918+0000] {taskinstance.py:2327} INFO - Executing <Task(BashOperator): dbt_run> on 2026-06-02 10:07:15.958718+00:00
[2026-06-02T10:07:19.925+0000] {warnings.py:110} WARNING - /home/***/.local/lib/python3.12/site-packages/***/task/task_runner/standard_task_runner.py:61: DeprecationWarning: This process (pid=258) is multi-threaded, use of fork() may lead to deadlocks in the child.
  pid = os.fork()

[2026-06-02T10:07:19.927+0000] {standard_task_runner.py:63} INFO - Started process 261 to run task
[2026-06-02T10:07:19.927+0000] {standard_task_runner.py:90} INFO - Running: ['***', 'tasks', 'run', 'etl_dbt_service_orders', 'dbt_run', 'manual__2026-06-02T10:07:15.958718+00:00', '--job-id', '16', '--raw', '--subdir', 'DAGS_FOLDER/dag_etl_dbt_service_orders.py', '--cfg-path', '/tmp/tmpy0arr6by']
[2026-06-02T10:07:19.930+0000] {standard_task_runner.py:91} INFO - Job 16: Subtask dbt_run
[2026-06-02T10:07:19.971+0000] {task_command.py:426} INFO - Running <TaskInstance: etl_dbt_service_orders.dbt_run manual__2026-06-02T10:07:15.958718+00:00 [running]> on host 7284cdb9ebc5
[2026-06-02T10:07:20.040+0000] {taskinstance.py:2644} INFO - Exporting env vars: AIRFLOW_CTX_DAG_OWNER='svc_orders' AIRFLOW_CTX_DAG_ID='etl_dbt_service_orders' AIRFLOW_CTX_TASK_ID='dbt_run' AIRFLOW_CTX_EXECUTION_DATE='2026-06-02T10:07:15.958718+00:00' AIRFLOW_CTX_TRY_NUMBER='1' AIRFLOW_CTX_DAG_RUN_ID='manual__2026-06-02T10:07:15.958718+00:00'
[2026-06-02T10:07:20.042+0000] {taskinstance.py:430} INFO - ::endgroup::
[2026-06-02T10:07:20.044+0000] {subprocess.py:63} INFO - Tmp dir root location: /tmp
[2026-06-02T10:07:20.045+0000] {subprocess.py:75} INFO - Running command: ['/usr/bin/bash', '-c', 'cd /opt/***/dbt && dbt run --profiles-dir /opt/***/dbt']
[2026-06-02T10:07:20.056+0000] {subprocess.py:86} INFO - Output:
[2026-06-02T10:07:21.868+0000] {subprocess.py:93} INFO - [0m10:07:21  Running with dbt=1.8.8
[2026-06-02T10:07:21.924+0000] {subprocess.py:93} INFO - [0m10:07:21  oracle adapter: Running in thin mode
[2026-06-02T10:07:22.148+0000] {subprocess.py:93} INFO - [0m10:07:22  Registered adapter: oracle=1.8.4
[2026-06-02T10:07:23.688+0000] {subprocess.py:93} INFO - [0m10:07:23  [[33mWARNING[0m]: Configuration paths exist in your dbt_project.yml file which do not apply to any resources.
[2026-06-02T10:07:23.689+0000] {subprocess.py:93} INFO - There are 1 unused configuration paths:
[2026-06-02T10:07:23.689+0000] {subprocess.py:93} INFO - - models.svc_orders_dbt.example
[2026-06-02T10:07:23.871+0000] {subprocess.py:93} INFO - [0m10:07:23  Found 7 models, 475 macros
[2026-06-02T10:07:23.874+0000] {subprocess.py:93} INFO - [0m10:07:23
[2026-06-02T10:07:26.808+0000] {subprocess.py:93} INFO - [0m10:07:26  Concurrency: 4 threads (target='dev')
[2026-06-02T10:07:26.809+0000] {subprocess.py:93} INFO - [0m10:07:26
[2026-06-02T10:07:26.821+0000] {subprocess.py:93} INFO - [0m10:07:26  1 of 7 START sql view model svc_orders.stg_categories .......................... [RUN]
[2026-06-02T10:07:26.822+0000] {subprocess.py:93} INFO - [0m10:07:26  2 of 7 START sql view model svc_orders.stg_customers ........................... [RUN]
[2026-06-02T10:07:26.823+0000] {subprocess.py:93} INFO - [0m10:07:26  3 of 7 START sql view model svc_orders.stg_employees ........................... [RUN]
[2026-06-02T10:07:26.824+0000] {subprocess.py:93} INFO - [0m10:07:26  4 of 7 START sql view model svc_orders.stg_service_orders ...................... [RUN]
[2026-06-02T10:07:27.086+0000] {subprocess.py:93} INFO - [0m10:07:27  3 of 7 OK created sql view model svc_orders.stg_employees ...................... [[32mOK[0m in 0.25s]
[2026-06-02T10:07:27.089+0000] {subprocess.py:93} INFO - [0m10:07:27  2 of 7 OK created sql view model svc_orders.stg_customers ...................... [[32mOK[0m in 0.26s]
[2026-06-02T10:07:27.091+0000] {subprocess.py:93} INFO - [0m10:07:27  1 of 7 OK created sql view model svc_orders.stg_categories ..................... [[32mOK[0m in 0.26s]
[2026-06-02T10:07:27.113+0000] {subprocess.py:93} INFO - [0m10:07:27  4 of 7 OK created sql view model svc_orders.stg_service_orders ................. [[32mOK[0m in 0.28s]
[2026-06-02T10:07:27.118+0000] {subprocess.py:93} INFO - [0m10:07:27  5 of 7 START sql view model svc_orders.fct_customer_analysis ................... [RUN]
[2026-06-02T10:07:27.119+0000] {subprocess.py:93} INFO - [0m10:07:27  6 of 7 START sql view model svc_orders.fct_employee_performance ................ [RUN]
[2026-06-02T10:07:27.120+0000] {subprocess.py:93} INFO - [0m10:07:27  7 of 7 START sql view model svc_orders.fct_orders_summary ...................... [RUN]
[2026-06-02T10:07:27.298+0000] {subprocess.py:93} INFO - [0m10:07:27  7 of 7 OK created sql view model svc_orders.fct_orders_summary ................. [[32mOK[0m in 0.17s]
[2026-06-02T10:07:27.322+0000] {subprocess.py:93} INFO - [0m10:07:27  5 of 7 OK created sql view model svc_orders.fct_customer_analysis .............. [[32mOK[0m in 0.20s]
[2026-06-02T10:07:27.359+0000] {subprocess.py:93} INFO - [0m10:07:27  6 of 7 OK created sql view model svc_orders.fct_employee_performance ........... [[32mOK[0m in 0.23s]
[2026-06-02T10:07:27.422+0000] {subprocess.py:93} INFO - [0m10:07:27
[2026-06-02T10:07:27.423+0000] {subprocess.py:93} INFO - [0m10:07:27  Finished running 7 view models in 0 hours 0 minutes and 3.55 seconds (3.55s).
[2026-06-02T10:07:27.476+0000] {subprocess.py:93} INFO - [0m10:07:27
[2026-06-02T10:07:27.477+0000] {subprocess.py:93} INFO - [0m10:07:27  [32mCompleted successfully[0m
[2026-06-02T10:07:27.478+0000] {subprocess.py:93} INFO - [0m10:07:27
[2026-06-02T10:07:27.479+0000] {subprocess.py:93} INFO - [0m10:07:27  Done. PASS=7 WARN=0 ERROR=0 SKIP=0 TOTAL=7
[2026-06-02T10:07:28.517+0000] {subprocess.py:97} INFO - Command exited with return code 0
[2026-06-02T10:07:28.518+0000] {taskinstance.py:441} INFO - ::group::Post task execution logs
[2026-06-02T10:07:28.539+0000] {taskinstance.py:1205} INFO - Marking task as SUCCESS. dag_id=etl_dbt_service_orders, task_id=dbt_run, execution_date=20260602T100715, start_date=20260602T100719, end_date=20260602T100728
[2026-06-02T10:07:28.573+0000] {local_task_job_runner.py:240} INFO - Task exited with return code 0
[2026-06-02T10:07:28.594+0000] {taskinstance.py:3482} INFO - 1 downstream tasks scheduled from follow-on schedule check
[2026-06-02T10:07:28.596+0000] {local_task_job_runner.py:222} INFO - ::endgroup::
