[2026-05-31T14:17:19.023+0000] {local_task_job_runner.py:120} INFO - ::group::Pre task execution logs
[2026-05-31T14:17:19.043+0000] {taskinstance.py:2073} INFO - Dependencies all met for dep_context=non-requeueable deps ti=<TaskInstance: etl_service_orders.load_employee_performance manual__2026-05-31T14:17:15.413440+00:00 [queued]>
[2026-05-31T14:17:19.057+0000] {taskinstance.py:2073} INFO - Dependencies all met for dep_context=requeueable deps ti=<TaskInstance: etl_service_orders.load_employee_performance manual__2026-05-31T14:17:15.413440+00:00 [queued]>
[2026-05-31T14:17:19.058+0000] {taskinstance.py:2303} INFO - Starting attempt 1 of 2
[2026-05-31T14:17:19.070+0000] {taskinstance.py:2327} INFO - Executing <Task(PythonOperator): load_employee_performance> on 2026-05-31 14:17:15.413440+00:00
[2026-05-31T14:17:19.077+0000] {warnings.py:110} WARNING - /home/***/.local/lib/python3.12/site-packages/***/task/task_runner/standard_task_runner.py:61: DeprecationWarning: This process (pid=245) is multi-threaded, use of fork() may lead to deadlocks in the child.
  pid = os.fork()

[2026-05-31T14:17:19.079+0000] {standard_task_runner.py:63} INFO - Started process 250 to run task
[2026-05-31T14:17:19.079+0000] {standard_task_runner.py:90} INFO - Running: ['***', 'tasks', 'run', 'etl_service_orders', 'load_employee_performance', 'manual__2026-05-31T14:17:15.413440+00:00', '--job-id', '27', '--raw', '--subdir', 'DAGS_FOLDER/dag_etl_service_orders.py', '--cfg-path', '/tmp/tmpag6ixp4j']
[2026-05-31T14:17:19.082+0000] {standard_task_runner.py:91} INFO - Job 27: Subtask load_employee_performance
[2026-05-31T14:17:19.123+0000] {task_command.py:426} INFO - Running <TaskInstance: etl_service_orders.load_employee_performance manual__2026-05-31T14:17:15.413440+00:00 [running]> on host d9d61125ccd9
[2026-05-31T14:17:19.197+0000] {taskinstance.py:2644} INFO - Exporting env vars: AIRFLOW_CTX_DAG_OWNER='svc_orders' AIRFLOW_CTX_DAG_ID='etl_service_orders' AIRFLOW_CTX_TASK_ID='load_employee_performance' AIRFLOW_CTX_EXECUTION_DATE='2026-05-31T14:17:15.413440+00:00' AIRFLOW_CTX_TRY_NUMBER='1' AIRFLOW_CTX_DAG_RUN_ID='manual__2026-05-31T14:17:15.413440+00:00'
[2026-05-31T14:17:19.199+0000] {taskinstance.py:430} INFO - ::endgroup::
[2026-05-31T14:17:19.277+0000] {dag_etl_service_orders.py:113} INFO - Loading DWH_EMPLOYEE_PERFORMANCE...
[2026-05-31T14:17:19.322+0000] {dag_etl_service_orders.py:145} INFO - DWH_EMPLOYEE_PERFORMANCE loaded: 8 rows
[2026-05-31T14:17:19.324+0000] {python.py:237} INFO - Done. Returned value was: None
[2026-05-31T14:17:19.325+0000] {taskinstance.py:441} INFO - ::group::Post task execution logs
[2026-05-31T14:17:19.333+0000] {taskinstance.py:1205} INFO - Marking task as SUCCESS. dag_id=etl_service_orders, task_id=load_employee_performance, execution_date=20260531T141715, start_date=20260531T141719, end_date=20260531T141719
[2026-05-31T14:17:19.374+0000] {local_task_job_runner.py:240} INFO - Task exited with return code 0
[2026-05-31T14:17:19.402+0000] {taskinstance.py:3482} INFO - 0 downstream tasks scheduled from follow-on schedule check
[2026-05-31T14:17:19.405+0000] {local_task_job_runner.py:222} INFO - ::endgroup::
