[2026-06-02T08:04:35.909+0000] {local_task_job_runner.py:120} INFO - ::group::Pre task execution logs
[2026-06-02T08:04:35.932+0000] {taskinstance.py:2073} INFO - Dependencies all met for dep_context=non-requeueable deps ti=<TaskInstance: etl_service_orders.load_customer_analysis scheduled__2026-06-01T06:00:00+00:00 [queued]>
[2026-06-02T08:04:35.942+0000] {taskinstance.py:2073} INFO - Dependencies all met for dep_context=requeueable deps ti=<TaskInstance: etl_service_orders.load_customer_analysis scheduled__2026-06-01T06:00:00+00:00 [queued]>
[2026-06-02T08:04:35.944+0000] {taskinstance.py:2303} INFO - Starting attempt 1 of 2
[2026-06-02T08:04:35.971+0000] {taskinstance.py:2327} INFO - Executing <Task(PythonOperator): load_customer_analysis> on 2026-06-01 06:00:00+00:00
[2026-06-02T08:04:35.981+0000] {warnings.py:110} WARNING - /home/***/.local/lib/python3.12/site-packages/***/task/task_runner/standard_task_runner.py:61: DeprecationWarning: This process (pid=3635) is multi-threaded, use of fork() may lead to deadlocks in the child.
  pid = os.fork()

[2026-06-02T08:04:35.984+0000] {standard_task_runner.py:63} INFO - Started process 3640 to run task
[2026-06-02T08:04:35.983+0000] {standard_task_runner.py:90} INFO - Running: ['***', 'tasks', 'run', 'etl_service_orders', 'load_customer_analysis', 'scheduled__2026-06-01T06:00:00+00:00', '--job-id', '43', '--raw', '--subdir', 'DAGS_FOLDER/dag_etl_service_orders.py', '--cfg-path', '/tmp/tmpy6yz_lgf']
[2026-06-02T08:04:35.986+0000] {standard_task_runner.py:91} INFO - Job 43: Subtask load_customer_analysis
[2026-06-02T08:04:36.046+0000] {task_command.py:426} INFO - Running <TaskInstance: etl_service_orders.load_customer_analysis scheduled__2026-06-01T06:00:00+00:00 [running]> on host aaefc8d178d5
[2026-06-02T08:04:36.143+0000] {taskinstance.py:2644} INFO - Exporting env vars: AIRFLOW_CTX_DAG_OWNER='svc_orders' AIRFLOW_CTX_DAG_ID='etl_service_orders' AIRFLOW_CTX_TASK_ID='load_customer_analysis' AIRFLOW_CTX_EXECUTION_DATE='2026-06-01T06:00:00+00:00' AIRFLOW_CTX_TRY_NUMBER='1' AIRFLOW_CTX_DAG_RUN_ID='scheduled__2026-06-01T06:00:00+00:00'
[2026-06-02T08:04:36.145+0000] {taskinstance.py:430} INFO - ::endgroup::
[2026-06-02T08:04:36.197+0000] {dag_etl_service_orders.py:155} INFO - Loading DWH_CUSTOMER_ANALYSIS...
[2026-06-02T08:04:36.273+0000] {dag_etl_service_orders.py:184} INFO - DWH_CUSTOMER_ANALYSIS loaded: 8 rows
[2026-06-02T08:04:36.277+0000] {python.py:237} INFO - Done. Returned value was: None
[2026-06-02T08:04:36.278+0000] {taskinstance.py:441} INFO - ::group::Post task execution logs
[2026-06-02T08:04:36.290+0000] {taskinstance.py:1205} INFO - Marking task as SUCCESS. dag_id=etl_service_orders, task_id=load_customer_analysis, execution_date=20260601T060000, start_date=20260602T080435, end_date=20260602T080436
[2026-06-02T08:04:36.320+0000] {local_task_job_runner.py:240} INFO - Task exited with return code 0
[2026-06-02T08:04:36.347+0000] {taskinstance.py:3482} INFO - 0 downstream tasks scheduled from follow-on schedule check
[2026-06-02T08:04:36.350+0000] {local_task_job_runner.py:222} INFO - ::endgroup::
[2026-06-02T10:05:25.856+0000] {local_task_job_runner.py:120} INFO - ::group::Pre task execution logs
[2026-06-02T10:05:25.876+0000] {taskinstance.py:2073} INFO - Dependencies all met for dep_context=non-requeueable deps ti=<TaskInstance: etl_service_orders.load_customer_analysis scheduled__2026-06-01T06:00:00+00:00 [queued]>
[2026-06-02T10:05:25.885+0000] {taskinstance.py:2073} INFO - Dependencies all met for dep_context=requeueable deps ti=<TaskInstance: etl_service_orders.load_customer_analysis scheduled__2026-06-01T06:00:00+00:00 [queued]>
[2026-06-02T10:05:25.886+0000] {taskinstance.py:2303} INFO - Starting attempt 1 of 2
[2026-06-02T10:05:25.899+0000] {taskinstance.py:2327} INFO - Executing <Task(PythonOperator): load_customer_analysis> on 2026-06-01 06:00:00+00:00
[2026-06-02T10:05:25.908+0000] {warnings.py:110} WARNING - /home/***/.local/lib/python3.12/site-packages/***/task/task_runner/standard_task_runner.py:61: DeprecationWarning: This process (pid=187) is multi-threaded, use of fork() may lead to deadlocks in the child.
  pid = os.fork()

[2026-06-02T10:05:25.910+0000] {standard_task_runner.py:63} INFO - Started process 203 to run task
[2026-06-02T10:05:25.910+0000] {standard_task_runner.py:90} INFO - Running: ['***', 'tasks', 'run', 'etl_service_orders', 'load_customer_analysis', 'scheduled__2026-06-01T06:00:00+00:00', '--job-id', '10', '--raw', '--subdir', 'DAGS_FOLDER/dag_etl_service_orders.py', '--cfg-path', '/tmp/tmpao2_hkns']
[2026-06-02T10:05:25.913+0000] {standard_task_runner.py:91} INFO - Job 10: Subtask load_customer_analysis
[2026-06-02T10:05:25.966+0000] {task_command.py:426} INFO - Running <TaskInstance: etl_service_orders.load_customer_analysis scheduled__2026-06-01T06:00:00+00:00 [running]> on host 7284cdb9ebc5
[2026-06-02T10:05:26.055+0000] {taskinstance.py:2644} INFO - Exporting env vars: AIRFLOW_CTX_DAG_OWNER='svc_orders' AIRFLOW_CTX_DAG_ID='etl_service_orders' AIRFLOW_CTX_TASK_ID='load_customer_analysis' AIRFLOW_CTX_EXECUTION_DATE='2026-06-01T06:00:00+00:00' AIRFLOW_CTX_TRY_NUMBER='1' AIRFLOW_CTX_DAG_RUN_ID='scheduled__2026-06-01T06:00:00+00:00'
[2026-06-02T10:05:26.058+0000] {taskinstance.py:430} INFO - ::endgroup::
[2026-06-02T10:05:26.111+0000] {dag_etl_service_orders.py:155} INFO - Loading DWH_CUSTOMER_ANALYSIS...
[2026-06-02T10:05:26.157+0000] {dag_etl_service_orders.py:184} INFO - DWH_CUSTOMER_ANALYSIS loaded: 8 rows
[2026-06-02T10:05:26.159+0000] {python.py:237} INFO - Done. Returned value was: None
[2026-06-02T10:05:26.160+0000] {taskinstance.py:441} INFO - ::group::Post task execution logs
[2026-06-02T10:05:26.170+0000] {taskinstance.py:1205} INFO - Marking task as SUCCESS. dag_id=etl_service_orders, task_id=load_customer_analysis, execution_date=20260601T060000, start_date=20260602T100525, end_date=20260602T100526
[2026-06-02T10:05:26.206+0000] {local_task_job_runner.py:240} INFO - Task exited with return code 0
[2026-06-02T10:05:26.223+0000] {taskinstance.py:3482} INFO - 0 downstream tasks scheduled from follow-on schedule check
[2026-06-02T10:05:26.226+0000] {local_task_job_runner.py:222} INFO - ::endgroup::
