[2026-06-02T08:53:36.705+0000] {local_task_job_runner.py:120} INFO - ::group::Pre task execution logs
[2026-06-02T08:53:36.720+0000] {taskinstance.py:2073} INFO - Dependencies all met for dep_context=non-requeueable deps ti=<TaskInstance: etl_dbt_service_orders.dbt_run manual__2026-06-02T08:48:28.596228+00:00 [queued]>
[2026-06-02T08:53:36.726+0000] {taskinstance.py:2073} INFO - Dependencies all met for dep_context=requeueable deps ti=<TaskInstance: etl_dbt_service_orders.dbt_run manual__2026-06-02T08:48:28.596228+00:00 [queued]>
[2026-06-02T08:53:36.727+0000] {taskinstance.py:2303} INFO - Starting attempt 2 of 2
[2026-06-02T08:53:36.739+0000] {taskinstance.py:2327} INFO - Executing <Task(BashOperator): dbt_run> on 2026-06-02 08:48:28.596228+00:00
[2026-06-02T08:53:36.746+0000] {warnings.py:110} WARNING - /home/***/.local/lib/python3.12/site-packages/***/task/task_runner/standard_task_runner.py:61: DeprecationWarning: This process (pid=130) is multi-threaded, use of fork() may lead to deadlocks in the child.
  pid = os.fork()

[2026-06-02T08:53:36.748+0000] {standard_task_runner.py:63} INFO - Started process 133 to run task
[2026-06-02T08:53:36.747+0000] {standard_task_runner.py:90} INFO - Running: ['***', 'tasks', 'run', 'etl_dbt_service_orders', 'dbt_run', 'manual__2026-06-02T08:48:28.596228+00:00', '--job-id', '61', '--raw', '--subdir', 'DAGS_FOLDER/dag_etl_dbt_service_orders.py', '--cfg-path', '/tmp/tmpf0xim9qg']
[2026-06-02T08:53:36.750+0000] {standard_task_runner.py:91} INFO - Job 61: Subtask dbt_run
[2026-06-02T08:53:36.791+0000] {task_command.py:426} INFO - Running <TaskInstance: etl_dbt_service_orders.dbt_run manual__2026-06-02T08:48:28.596228+00:00 [running]> on host d8b36ee8dda6
[2026-06-02T08:53:36.849+0000] {taskinstance.py:2644} INFO - Exporting env vars: AIRFLOW_CTX_DAG_OWNER='svc_orders' AIRFLOW_CTX_DAG_ID='etl_dbt_service_orders' AIRFLOW_CTX_TASK_ID='dbt_run' AIRFLOW_CTX_EXECUTION_DATE='2026-06-02T08:48:28.596228+00:00' AIRFLOW_CTX_TRY_NUMBER='2' AIRFLOW_CTX_DAG_RUN_ID='manual__2026-06-02T08:48:28.596228+00:00'
[2026-06-02T08:53:36.851+0000] {taskinstance.py:430} INFO - ::endgroup::
[2026-06-02T08:53:36.853+0000] {subprocess.py:63} INFO - Tmp dir root location: /tmp
[2026-06-02T08:53:36.854+0000] {subprocess.py:75} INFO - Running command: ['/usr/bin/bash', '-c', 'cd /opt/***/dbt && dbt run --profiles-dir /opt/***/dbt']
[2026-06-02T08:53:36.863+0000] {subprocess.py:86} INFO - Output:
[2026-06-02T08:53:36.866+0000] {subprocess.py:93} INFO - /usr/bin/bash: line 1: dbt: command not found
[2026-06-02T08:53:36.866+0000] {subprocess.py:97} INFO - Command exited with return code 127
[2026-06-02T08:53:36.867+0000] {taskinstance.py:441} INFO - ::group::Post task execution logs
[2026-06-02T08:53:36.874+0000] {taskinstance.py:2890} ERROR - Task failed with exception
Traceback (most recent call last):
  File "/home/airflow/.local/lib/python3.12/site-packages/airflow/models/taskinstance.py", line 465, in _execute_task
    result = _execute_callable(context=context, **execute_callable_kwargs)
             ^^^^^^^^^^^^^^^^^^^^^^^^^^^^^^^^^^^^^^^^^^^^^^^^^^^^^^^^^^^^^
  File "/home/airflow/.local/lib/python3.12/site-packages/airflow/models/taskinstance.py", line 432, in _execute_callable
    return execute_callable(context=context, **execute_callable_kwargs)
           ^^^^^^^^^^^^^^^^^^^^^^^^^^^^^^^^^^^^^^^^^^^^^^^^^^^^^^^^^^^^
  File "/home/airflow/.local/lib/python3.12/site-packages/airflow/models/baseoperator.py", line 400, in wrapper
    return func(self, *args, **kwargs)
           ^^^^^^^^^^^^^^^^^^^^^^^^^^^
  File "/home/airflow/.local/lib/python3.12/site-packages/airflow/operators/bash.py", line 243, in execute
    raise AirflowException(
airflow.exceptions.AirflowException: Bash command failed. The command returned a non-zero exit code 127.
[2026-06-02T08:53:36.879+0000] {taskinstance.py:1205} INFO - Marking task as FAILED. dag_id=etl_dbt_service_orders, task_id=dbt_run, execution_date=20260602T084828, start_date=20260602T085336, end_date=20260602T085336
[2026-06-02T08:53:36.890+0000] {standard_task_runner.py:110} ERROR - Failed to execute job 61 for task dbt_run (Bash command failed. The command returned a non-zero exit code 127.; 133)
[2026-06-02T08:53:36.923+0000] {local_task_job_runner.py:240} INFO - Task exited with return code 1
[2026-06-02T08:53:36.939+0000] {taskinstance.py:3482} INFO - 0 downstream tasks scheduled from follow-on schedule check
[2026-06-02T08:53:36.944+0000] {local_task_job_runner.py:222} INFO - ::endgroup::
