[2026-06-02T10:10:43.177+0000] {local_task_job_runner.py:120} INFO - ::group::Pre task execution logs
[2026-06-02T10:10:43.196+0000] {taskinstance.py:2073} INFO - Dependencies all met for dep_context=non-requeueable deps ti=<TaskInstance: etl_dbt_service_orders.dbt_run scheduled__2026-06-01T06:00:00+00:00 [queued]>
[2026-06-02T10:10:43.202+0000] {taskinstance.py:2073} INFO - Dependencies all met for dep_context=requeueable deps ti=<TaskInstance: etl_dbt_service_orders.dbt_run scheduled__2026-06-01T06:00:00+00:00 [queued]>
[2026-06-02T10:10:43.203+0000] {taskinstance.py:2303} INFO - Starting attempt 2 of 2
[2026-06-02T10:10:43.214+0000] {taskinstance.py:2327} INFO - Executing <Task(BashOperator): dbt_run> on 2026-06-01 06:00:00+00:00
[2026-06-02T10:10:43.221+0000] {warnings.py:110} WARNING - /home/***/.local/lib/python3.12/site-packages/***/task/task_runner/standard_task_runner.py:61: DeprecationWarning: This process (pid=341) is multi-threaded, use of fork() may lead to deadlocks in the child.
  pid = os.fork()

[2026-06-02T10:10:43.224+0000] {standard_task_runner.py:63} INFO - Started process 344 to run task
[2026-06-02T10:10:43.222+0000] {standard_task_runner.py:90} INFO - Running: ['***', 'tasks', 'run', 'etl_dbt_service_orders', 'dbt_run', 'scheduled__2026-06-01T06:00:00+00:00', '--job-id', '18', '--raw', '--subdir', 'DAGS_FOLDER/dag_etl_dbt_service_orders.py', '--cfg-path', '/tmp/tmpevui78d6']
[2026-06-02T10:10:43.226+0000] {standard_task_runner.py:91} INFO - Job 18: Subtask dbt_run
[2026-06-02T10:10:43.271+0000] {task_command.py:426} INFO - Running <TaskInstance: etl_dbt_service_orders.dbt_run scheduled__2026-06-01T06:00:00+00:00 [running]> on host 7284cdb9ebc5
[2026-06-02T10:10:43.355+0000] {taskinstance.py:2644} INFO - Exporting env vars: AIRFLOW_CTX_DAG_OWNER='svc_orders' AIRFLOW_CTX_DAG_ID='etl_dbt_service_orders' AIRFLOW_CTX_TASK_ID='dbt_run' AIRFLOW_CTX_EXECUTION_DATE='2026-06-01T06:00:00+00:00' AIRFLOW_CTX_TRY_NUMBER='2' AIRFLOW_CTX_DAG_RUN_ID='scheduled__2026-06-01T06:00:00+00:00'
[2026-06-02T10:10:43.357+0000] {taskinstance.py:430} INFO - ::endgroup::
[2026-06-02T10:10:43.358+0000] {subprocess.py:63} INFO - Tmp dir root location: /tmp
[2026-06-02T10:10:43.360+0000] {subprocess.py:75} INFO - Running command: ['/usr/bin/bash', '-c', 'cd /opt/***/dbt && dbt run --profiles-dir /opt/***/dbt']
[2026-06-02T10:10:43.369+0000] {subprocess.py:86} INFO - Output:
[2026-06-02T10:10:45.065+0000] {subprocess.py:93} INFO - [0m10:10:45  Running with dbt=1.8.8
[2026-06-02T10:10:45.114+0000] {subprocess.py:93} INFO - [0m10:10:45  oracle adapter: Running in thin mode
[2026-06-02T10:10:45.314+0000] {subprocess.py:93} INFO - [0m10:10:45  Registered adapter: oracle=1.8.4
[2026-06-02T10:10:45.702+0000] {subprocess.py:93} INFO - [0m10:10:45  [[33mWARNING[0m]: Configuration paths exist in your dbt_project.yml file which do not apply to any resources.
[2026-06-02T10:10:45.703+0000] {subprocess.py:93} INFO - There are 1 unused configuration paths:
[2026-06-02T10:10:45.704+0000] {subprocess.py:93} INFO - - models.svc_orders_dbt.example
[2026-06-02T10:10:45.834+0000] {subprocess.py:93} INFO - [0m10:10:45  Found 7 models, 475 macros
[2026-06-02T10:10:45.837+0000] {subprocess.py:93} INFO - [0m10:10:45
[2026-06-02T10:10:48.978+0000] {subprocess.py:93} INFO - [0m10:10:48  Concurrency: 4 threads (target='dev')
[2026-06-02T10:10:48.979+0000] {subprocess.py:93} INFO - [0m10:10:48
[2026-06-02T10:10:48.991+0000] {subprocess.py:93} INFO - [0m10:10:48  1 of 7 START sql view model svc_orders.stg_categories .......................... [RUN]
[2026-06-02T10:10:48.992+0000] {subprocess.py:93} INFO - [0m10:10:48  2 of 7 START sql view model svc_orders.stg_customers ........................... [RUN]
[2026-06-02T10:10:48.994+0000] {subprocess.py:93} INFO - [0m10:10:48  3 of 7 START sql view model svc_orders.stg_employees ........................... [RUN]
[2026-06-02T10:10:48.995+0000] {subprocess.py:93} INFO - [0m10:10:48  4 of 7 START sql view model svc_orders.stg_service_orders ...................... [RUN]
[2026-06-02T10:10:49.312+0000] {subprocess.py:93} INFO - [0m10:10:49  3 of 7 OK created sql view model svc_orders.stg_employees ...................... [[32mOK[0m in 0.31s]
[2026-06-02T10:10:49.316+0000] {subprocess.py:93} INFO - [0m10:10:49  1 of 7 OK created sql view model svc_orders.stg_categories ..................... [[32mOK[0m in 0.31s]
[2026-06-02T10:10:49.318+0000] {subprocess.py:93} INFO - [0m10:10:49  4 of 7 OK created sql view model svc_orders.stg_service_orders ................. [[32mOK[0m in 0.31s]
[2026-06-02T10:10:49.320+0000] {subprocess.py:93} INFO - [0m10:10:49  2 of 7 OK created sql view model svc_orders.stg_customers ...................... [[32mOK[0m in 0.32s]
[2026-06-02T10:10:49.330+0000] {subprocess.py:93} INFO - [0m10:10:49  5 of 7 START sql view model svc_orders.fct_employee_performance ................ [RUN]
[2026-06-02T10:10:49.332+0000] {subprocess.py:93} INFO - [0m10:10:49  6 of 7 START sql view model svc_orders.fct_customer_analysis ................... [RUN]
[2026-06-02T10:10:49.333+0000] {subprocess.py:93} INFO - [0m10:10:49  7 of 7 START sql view model svc_orders.fct_orders_summary ...................... [RUN]
[2026-06-02T10:10:49.479+0000] {subprocess.py:93} INFO - [0m10:10:49  7 of 7 OK created sql view model svc_orders.fct_orders_summary ................. [[32mOK[0m in 0.14s]
[2026-06-02T10:10:49.500+0000] {subprocess.py:93} INFO - [0m10:10:49  5 of 7 OK created sql view model svc_orders.fct_employee_performance ........... [[32mOK[0m in 0.16s]
[2026-06-02T10:10:49.542+0000] {subprocess.py:93} INFO - [0m10:10:49  6 of 7 OK created sql view model svc_orders.fct_customer_analysis .............. [[32mOK[0m in 0.20s]
[2026-06-02T10:10:49.601+0000] {subprocess.py:93} INFO - [0m10:10:49
[2026-06-02T10:10:49.602+0000] {subprocess.py:93} INFO - [0m10:10:49  Finished running 7 view models in 0 hours 0 minutes and 3.76 seconds (3.76s).
[2026-06-02T10:10:49.663+0000] {subprocess.py:93} INFO - [0m10:10:49
[2026-06-02T10:10:49.664+0000] {subprocess.py:93} INFO - [0m10:10:49  [32mCompleted successfully[0m
[2026-06-02T10:10:49.666+0000] {subprocess.py:93} INFO - [0m10:10:49
[2026-06-02T10:10:49.667+0000] {subprocess.py:93} INFO - [0m10:10:49  Done. PASS=7 WARN=0 ERROR=0 SKIP=0 TOTAL=7
[2026-06-02T10:10:50.893+0000] {subprocess.py:97} INFO - Command exited with return code 0
[2026-06-02T10:10:50.894+0000] {taskinstance.py:441} INFO - ::group::Post task execution logs
[2026-06-02T10:10:50.928+0000] {taskinstance.py:1205} INFO - Marking task as SUCCESS. dag_id=etl_dbt_service_orders, task_id=dbt_run, execution_date=20260601T060000, start_date=20260602T101043, end_date=20260602T101050
[2026-06-02T10:10:50.985+0000] {local_task_job_runner.py:240} INFO - Task exited with return code 0
[2026-06-02T10:10:51.012+0000] {taskinstance.py:3482} INFO - 1 downstream tasks scheduled from follow-on schedule check
[2026-06-02T10:10:51.014+0000] {local_task_job_runner.py:222} INFO - ::endgroup::
