[2026-05-31T14:08:04.694+0000] {local_task_job_runner.py:120} INFO - ::group::Pre task execution logs
[2026-05-31T14:08:04.712+0000] {taskinstance.py:2073} INFO - Dependencies all met for dep_context=non-requeueable deps ti=<TaskInstance: etl_service_orders.load_customer_analysis manual__2026-05-31T14:08:00.575348+00:00 [queued]>
[2026-05-31T14:08:04.722+0000] {taskinstance.py:2073} INFO - Dependencies all met for dep_context=requeueable deps ti=<TaskInstance: etl_service_orders.load_customer_analysis manual__2026-05-31T14:08:00.575348+00:00 [queued]>
[2026-05-31T14:08:04.723+0000] {taskinstance.py:2303} INFO - Starting attempt 1 of 2
[2026-05-31T14:08:04.737+0000] {taskinstance.py:2327} INFO - Executing <Task(PythonOperator): load_customer_analysis> on 2026-05-31 14:08:00.575348+00:00
[2026-05-31T14:08:04.743+0000] {warnings.py:110} WARNING - /home/***/.local/lib/python3.12/site-packages/***/task/task_runner/standard_task_runner.py:61: DeprecationWarning: This process (pid=101) is multi-threaded, use of fork() may lead to deadlocks in the child.
  pid = os.fork()

[2026-05-31T14:08:04.746+0000] {standard_task_runner.py:63} INFO - Started process 107 to run task
[2026-05-31T14:08:04.745+0000] {standard_task_runner.py:90} INFO - Running: ['***', 'tasks', 'run', 'etl_service_orders', 'load_customer_analysis', 'manual__2026-05-31T14:08:00.575348+00:00', '--job-id', '21', '--raw', '--subdir', 'DAGS_FOLDER/dag_etl_service_orders.py', '--cfg-path', '/tmp/tmpmd35brq7']
[2026-05-31T14:08:04.748+0000] {standard_task_runner.py:91} INFO - Job 21: Subtask load_customer_analysis
[2026-05-31T14:08:04.793+0000] {task_command.py:426} INFO - Running <TaskInstance: etl_service_orders.load_customer_analysis manual__2026-05-31T14:08:00.575348+00:00 [running]> on host d9d61125ccd9
[2026-05-31T14:08:04.874+0000] {taskinstance.py:2644} INFO - Exporting env vars: AIRFLOW_CTX_DAG_OWNER='svc_orders' AIRFLOW_CTX_DAG_ID='etl_service_orders' AIRFLOW_CTX_TASK_ID='load_customer_analysis' AIRFLOW_CTX_EXECUTION_DATE='2026-05-31T14:08:00.575348+00:00' AIRFLOW_CTX_TRY_NUMBER='1' AIRFLOW_CTX_DAG_RUN_ID='manual__2026-05-31T14:08:00.575348+00:00'
[2026-05-31T14:08:04.876+0000] {taskinstance.py:430} INFO - ::endgroup::
[2026-05-31T14:08:04.948+0000] {dag_etl_service_orders.py:155} INFO - Loading DWH_CUSTOMER_ANALYSIS...
[2026-05-31T14:08:05.478+0000] {dag_etl_service_orders.py:184} INFO - DWH_CUSTOMER_ANALYSIS loaded: 8 rows
[2026-05-31T14:08:05.481+0000] {python.py:237} INFO - Done. Returned value was: None
[2026-05-31T14:08:05.482+0000] {taskinstance.py:441} INFO - ::group::Post task execution logs
[2026-05-31T14:08:05.491+0000] {taskinstance.py:1205} INFO - Marking task as SUCCESS. dag_id=etl_service_orders, task_id=load_customer_analysis, execution_date=20260531T140800, start_date=20260531T140804, end_date=20260531T140805
[2026-05-31T14:08:05.524+0000] {local_task_job_runner.py:240} INFO - Task exited with return code 0
[2026-05-31T14:08:05.538+0000] {taskinstance.py:3482} INFO - 0 downstream tasks scheduled from follow-on schedule check
[2026-05-31T14:08:05.540+0000] {local_task_job_runner.py:222} INFO - ::endgroup::
