[2026-06-02T08:39:32.882+0000] {processor.py:161} INFO - Started process (PID=32141) to work on /opt/airflow/dags/dag_etl_dbt_service_orders.py.py
[2026-06-02T08:39:32.883+0000] {processor.py:830} INFO - Processing file /opt/airflow/dags/dag_etl_dbt_service_orders.py.py for tasks to queue
[2026-06-02T08:39:32.884+0000] {logging_mixin.py:188} INFO - [2026-06-02T08:39:32.883+0000] {dagbag.py:540} INFO - Filling up the DagBag from /opt/airflow/dags/dag_etl_dbt_service_orders.py.py
[2026-06-02T08:39:32.950+0000] {processor.py:840} INFO - DAG(s) 'etl_dbt_service_orders' retrieved from /opt/airflow/dags/dag_etl_dbt_service_orders.py.py
[2026-06-02T08:39:33.000+0000] {logging_mixin.py:188} INFO - [2026-06-02T08:39:32.999+0000] {override.py:1829} INFO - Created Permission View: can delete on DAG:etl_dbt_service_orders
[2026-06-02T08:39:33.012+0000] {logging_mixin.py:188} INFO - [2026-06-02T08:39:33.012+0000] {override.py:1829} INFO - Created Permission View: can read on DAG:etl_dbt_service_orders
[2026-06-02T08:39:33.020+0000] {logging_mixin.py:188} INFO - [2026-06-02T08:39:33.020+0000] {override.py:1829} INFO - Created Permission View: can edit on DAG:etl_dbt_service_orders
[2026-06-02T08:39:33.021+0000] {logging_mixin.py:188} INFO - [2026-06-02T08:39:33.021+0000] {dag.py:3096} INFO - Sync 1 DAGs
[2026-06-02T08:39:33.034+0000] {logging_mixin.py:188} INFO - [2026-06-02T08:39:33.033+0000] {dag.py:3118} INFO - Creating ORM DAG for etl_dbt_service_orders
[2026-06-02T08:39:33.045+0000] {logging_mixin.py:188} INFO - [2026-06-02T08:39:33.044+0000] {dag.py:3954} INFO - Setting next_dagrun for etl_dbt_service_orders to 2026-06-01 06:00:00+00:00, run_after=2026-06-02 06:00:00+00:00
[2026-06-02T08:39:33.068+0000] {processor.py:183} INFO - Processing /opt/airflow/dags/dag_etl_dbt_service_orders.py.py took 0.192 seconds
[2026-06-02T08:40:03.233+0000] {processor.py:161} INFO - Started process (PID=32201) to work on /opt/airflow/dags/dag_etl_dbt_service_orders.py.py
[2026-06-02T08:40:03.234+0000] {processor.py:830} INFO - Processing file /opt/airflow/dags/dag_etl_dbt_service_orders.py.py for tasks to queue
[2026-06-02T08:40:03.235+0000] {logging_mixin.py:188} INFO - [2026-06-02T08:40:03.235+0000] {dagbag.py:540} INFO - Filling up the DagBag from /opt/airflow/dags/dag_etl_dbt_service_orders.py.py
[2026-06-02T08:40:03.290+0000] {processor.py:840} INFO - DAG(s) 'etl_dbt_service_orders' retrieved from /opt/airflow/dags/dag_etl_dbt_service_orders.py.py
[2026-06-02T08:40:03.311+0000] {logging_mixin.py:188} INFO - [2026-06-02T08:40:03.310+0000] {dag.py:3096} INFO - Sync 1 DAGs
[2026-06-02T08:40:03.331+0000] {logging_mixin.py:188} INFO - [2026-06-02T08:40:03.330+0000] {dag.py:3954} INFO - Setting next_dagrun for etl_dbt_service_orders to 2026-06-01 06:00:00+00:00, run_after=2026-06-02 06:00:00+00:00
[2026-06-02T08:40:03.348+0000] {processor.py:183} INFO - Processing /opt/airflow/dags/dag_etl_dbt_service_orders.py.py took 0.123 seconds
[2026-06-02T08:40:33.814+0000] {processor.py:161} INFO - Started process (PID=32261) to work on /opt/airflow/dags/dag_etl_dbt_service_orders.py.py
[2026-06-02T08:40:33.816+0000] {processor.py:830} INFO - Processing file /opt/airflow/dags/dag_etl_dbt_service_orders.py.py for tasks to queue
[2026-06-02T08:40:33.818+0000] {logging_mixin.py:188} INFO - [2026-06-02T08:40:33.817+0000] {dagbag.py:540} INFO - Filling up the DagBag from /opt/airflow/dags/dag_etl_dbt_service_orders.py.py
[2026-06-02T08:40:33.872+0000] {processor.py:840} INFO - DAG(s) 'etl_dbt_service_orders' retrieved from /opt/airflow/dags/dag_etl_dbt_service_orders.py.py
[2026-06-02T08:40:33.895+0000] {logging_mixin.py:188} INFO - [2026-06-02T08:40:33.894+0000] {dag.py:3096} INFO - Sync 1 DAGs
[2026-06-02T08:40:33.915+0000] {logging_mixin.py:188} INFO - [2026-06-02T08:40:33.915+0000] {dag.py:3954} INFO - Setting next_dagrun for etl_dbt_service_orders to 2026-06-01 06:00:00+00:00, run_after=2026-06-02 06:00:00+00:00
[2026-06-02T08:40:33.951+0000] {processor.py:183} INFO - Processing /opt/airflow/dags/dag_etl_dbt_service_orders.py.py took 0.143 seconds
[2026-06-02T08:41:04.102+0000] {processor.py:161} INFO - Started process (PID=32321) to work on /opt/airflow/dags/dag_etl_dbt_service_orders.py.py
[2026-06-02T08:41:04.104+0000] {processor.py:830} INFO - Processing file /opt/airflow/dags/dag_etl_dbt_service_orders.py.py for tasks to queue
[2026-06-02T08:41:04.106+0000] {logging_mixin.py:188} INFO - [2026-06-02T08:41:04.105+0000] {dagbag.py:540} INFO - Filling up the DagBag from /opt/airflow/dags/dag_etl_dbt_service_orders.py.py
[2026-06-02T08:41:04.164+0000] {processor.py:840} INFO - DAG(s) 'etl_dbt_service_orders' retrieved from /opt/airflow/dags/dag_etl_dbt_service_orders.py.py
[2026-06-02T08:41:04.184+0000] {logging_mixin.py:188} INFO - [2026-06-02T08:41:04.184+0000] {dag.py:3096} INFO - Sync 1 DAGs
[2026-06-02T08:41:04.210+0000] {logging_mixin.py:188} INFO - [2026-06-02T08:41:04.210+0000] {dag.py:3954} INFO - Setting next_dagrun for etl_dbt_service_orders to 2026-06-02 06:00:00+00:00, run_after=2026-06-03 06:00:00+00:00
[2026-06-02T08:41:04.234+0000] {processor.py:183} INFO - Processing /opt/airflow/dags/dag_etl_dbt_service_orders.py.py took 0.138 seconds
[2026-06-02T08:41:34.293+0000] {processor.py:161} INFO - Started process (PID=32385) to work on /opt/airflow/dags/dag_etl_dbt_service_orders.py.py
[2026-06-02T08:41:34.294+0000] {processor.py:830} INFO - Processing file /opt/airflow/dags/dag_etl_dbt_service_orders.py.py for tasks to queue
[2026-06-02T08:41:34.296+0000] {logging_mixin.py:188} INFO - [2026-06-02T08:41:34.295+0000] {dagbag.py:540} INFO - Filling up the DagBag from /opt/airflow/dags/dag_etl_dbt_service_orders.py.py
[2026-06-02T08:41:34.340+0000] {processor.py:840} INFO - DAG(s) 'etl_dbt_service_orders' retrieved from /opt/airflow/dags/dag_etl_dbt_service_orders.py.py
[2026-06-02T08:41:34.358+0000] {logging_mixin.py:188} INFO - [2026-06-02T08:41:34.358+0000] {dag.py:3096} INFO - Sync 1 DAGs
[2026-06-02T08:41:34.380+0000] {logging_mixin.py:188} INFO - [2026-06-02T08:41:34.379+0000] {dag.py:3954} INFO - Setting next_dagrun for etl_dbt_service_orders to 2026-06-02 06:00:00+00:00, run_after=2026-06-03 06:00:00+00:00
[2026-06-02T08:41:34.412+0000] {processor.py:183} INFO - Processing /opt/airflow/dags/dag_etl_dbt_service_orders.py.py took 0.124 seconds
[2026-06-02T08:42:04.527+0000] {processor.py:161} INFO - Started process (PID=32445) to work on /opt/airflow/dags/dag_etl_dbt_service_orders.py.py
[2026-06-02T08:42:04.528+0000] {processor.py:830} INFO - Processing file /opt/airflow/dags/dag_etl_dbt_service_orders.py.py for tasks to queue
[2026-06-02T08:42:04.530+0000] {logging_mixin.py:188} INFO - [2026-06-02T08:42:04.529+0000] {dagbag.py:540} INFO - Filling up the DagBag from /opt/airflow/dags/dag_etl_dbt_service_orders.py.py
[2026-06-02T08:42:04.578+0000] {processor.py:840} INFO - DAG(s) 'etl_dbt_service_orders' retrieved from /opt/airflow/dags/dag_etl_dbt_service_orders.py.py
[2026-06-02T08:42:04.602+0000] {logging_mixin.py:188} INFO - [2026-06-02T08:42:04.601+0000] {dag.py:3096} INFO - Sync 1 DAGs
[2026-06-02T08:42:04.626+0000] {logging_mixin.py:188} INFO - [2026-06-02T08:42:04.626+0000] {dag.py:3954} INFO - Setting next_dagrun for etl_dbt_service_orders to 2026-06-02 06:00:00+00:00, run_after=2026-06-03 06:00:00+00:00
[2026-06-02T08:42:04.648+0000] {processor.py:183} INFO - Processing /opt/airflow/dags/dag_etl_dbt_service_orders.py.py took 0.128 seconds
