[2026-05-31T13:27:32.009+0000] {local_task_job_runner.py:120} INFO - ::group::Pre task execution logs
[2026-05-31T13:27:32.028+0000] {taskinstance.py:2073} INFO - Dependencies all met for dep_context=non-requeueable deps ti=<TaskInstance: conditional_dataset_and_time_based_timetable.conditional_dataset_and_time_based_timetable manual__2026-05-31T13:27:29.600640+00:00 [queued]>
[2026-05-31T13:27:32.035+0000] {taskinstance.py:2073} INFO - Dependencies all met for dep_context=requeueable deps ti=<TaskInstance: conditional_dataset_and_time_based_timetable.conditional_dataset_and_time_based_timetable manual__2026-05-31T13:27:29.600640+00:00 [queued]>
[2026-05-31T13:27:32.036+0000] {taskinstance.py:2303} INFO - Starting attempt 1 of 1
[2026-05-31T13:27:32.048+0000] {taskinstance.py:2327} INFO - Executing <Task(BashOperator): conditional_dataset_and_time_based_timetable> on 2026-05-31 13:27:29.600640+00:00
[2026-05-31T13:27:32.057+0000] {warnings.py:110} WARNING - /home/***/.local/lib/python3.12/site-packages/***/task/task_runner/standard_task_runner.py:61: DeprecationWarning: This process (pid=278) is multi-threaded, use of fork() may lead to deadlocks in the child.
  pid = os.fork()

[2026-05-31T13:27:32.064+0000] {standard_task_runner.py:63} INFO - Started process 280 to run task
[2026-05-31T13:27:32.058+0000] {standard_task_runner.py:90} INFO - Running: ['***', 'tasks', 'run', 'conditional_dataset_and_time_based_timetable', 'conditional_dataset_and_time_based_timetable', 'manual__2026-05-31T13:27:29.600640+00:00', '--job-id', '10', '--raw', '--subdir', '/home/***/.local/lib/python3.12/site-packages/***/example_dags/example_datasets.py', '--cfg-path', '/tmp/tmpjtgn2mm8']
[2026-05-31T13:27:32.067+0000] {standard_task_runner.py:91} INFO - Job 10: Subtask conditional_dataset_and_time_based_timetable
[2026-05-31T13:27:32.147+0000] {task_command.py:426} INFO - Running <TaskInstance: conditional_dataset_and_time_based_timetable.conditional_dataset_and_time_based_timetable manual__2026-05-31T13:27:29.600640+00:00 [running]> on host d9d61125ccd9
[2026-05-31T13:27:32.272+0000] {taskinstance.py:2644} INFO - Exporting env vars: AIRFLOW_CTX_DAG_OWNER='***' AIRFLOW_CTX_DAG_ID='conditional_dataset_and_time_based_timetable' AIRFLOW_CTX_TASK_ID='conditional_dataset_and_time_based_timetable' AIRFLOW_CTX_EXECUTION_DATE='2026-05-31T13:27:29.600640+00:00' AIRFLOW_CTX_TRY_NUMBER='1' AIRFLOW_CTX_DAG_RUN_ID='manual__2026-05-31T13:27:29.600640+00:00'
[2026-05-31T13:27:32.277+0000] {taskinstance.py:430} INFO - ::endgroup::
[2026-05-31T13:27:32.281+0000] {subprocess.py:63} INFO - Tmp dir root location: /tmp
[2026-05-31T13:27:32.283+0000] {subprocess.py:75} INFO - Running command: ['/usr/bin/bash', '-c', 'sleep 5']
[2026-05-31T13:27:32.298+0000] {subprocess.py:86} INFO - Output:
[2026-05-31T13:27:37.298+0000] {subprocess.py:97} INFO - Command exited with return code 0
[2026-05-31T13:27:37.300+0000] {taskinstance.py:441} INFO - ::group::Post task execution logs
[2026-05-31T13:27:37.313+0000] {warnings.py:110} WARNING - /home/***/.local/lib/python3.12/site-packages/***/models/baseoperator.py:1564: RemovedInAirflow3Warning: Passing 'execution_date' to 'TaskInstance.xcom_push()' is deprecated.
  context["ti"].xcom_push(key=key, value=value, execution_date=execution_date)

[2026-05-31T13:27:37.330+0000] {taskinstance.py:1205} INFO - Marking task as SUCCESS. dag_id=conditional_dataset_and_time_based_timetable, task_id=conditional_dataset_and_time_based_timetable, execution_date=20260531T132729, start_date=20260531T132732, end_date=20260531T132737
[2026-05-31T13:27:37.378+0000] {local_task_job_runner.py:240} INFO - Task exited with return code 0
[2026-05-31T13:27:37.388+0000] {taskinstance.py:3482} INFO - 0 downstream tasks scheduled from follow-on schedule check
[2026-05-31T13:27:37.390+0000] {local_task_job_runner.py:222} INFO - ::endgroup::
